================================================================================
 EXPERIMENT OUTCOME SUMMARY
================================================================================

Instance: 101
Action: ILS
Run Number: 8
Number of Agents: 10

--------------------------------------------------------------------------------
GLOBAL BEST SOLUTION
--------------------------------------------------------------------------------
Best Cost: 658.00
Found by Agent: agent_7

--------------------------------------------------------------------------------
EXECUTION TIME
--------------------------------------------------------------------------------
Average Time per Agent: 2040.00 seconds (34.00 minutes)
Maximum Agent Time: 2209.49 seconds (36.82 minutes)

--------------------------------------------------------------------------------
OBJECTIVE FUNCTION EVALUATIONS
--------------------------------------------------------------------------------
Total Evaluations: 11868699
Average Evaluations per Agent: 1186869.90

Per-Agent Breakdown:
  agent_0: 1406115 evaluations
  agent_1: 1166293 evaluations
  agent_2: 1145396 evaluations
  agent_3: 1259461 evaluations
  agent_4: 1310046 evaluations
  agent_5: 1351055 evaluations
  agent_6: 1028161 evaluations
  agent_7: 1183831 evaluations
  agent_8: 1193012 evaluations
  agent_9: 825329 evaluations

================================================================================
