================================================================================
 EXPERIMENT SUMMARY (20 RUNS)
================================================================================

Instance: 21
Action: VND
Number of Agents: 10
Number of Runs: 10

--------------------------------------------------------------------------------
GLOBAL BEST SOLUTION (AVERAGE)
--------------------------------------------------------------------------------
Average Best Cost: 128.00

--------------------------------------------------------------------------------
EXECUTION TIME
--------------------------------------------------------------------------------
Total Time (all runs): 254.06 seconds (4.23 minutes)
Average Time per Run: 25.41 seconds (0.42 minutes)

--------------------------------------------------------------------------------
OBJECTIVE FUNCTION EVALUATIONS
--------------------------------------------------------------------------------
Total Evaluations (all runs): 2022491
Average Evaluations per Run: 202249.10

--------------------------------------------------------------------------------
PER-RUN BREAKDOWN
--------------------------------------------------------------------------------
Run  1: g_best=     128.0 | time=     25.02 seconds
Run  2: g_best=     128.0 | time=     25.12 seconds
Run  3: g_best=     128.0 | time=     25.46 seconds
Run  4: g_best=     128.0 | time=     25.71 seconds
Run  5: g_best=     128.0 | time=     25.58 seconds
Run  6: g_best=     128.0 | time=     24.75 seconds
Run  7: g_best=     128.0 | time=     25.52 seconds
Run  8: g_best=     128.0 | time=     25.53 seconds
Run  9: g_best=     128.0 | time=     25.82 seconds
Run 10: g_best=     128.0 | time=     25.55 seconds

================================================================================
