================================================================================
 EXPERIMENT SUMMARY (20 RUNS)
================================================================================

Instance: 31
Action: VND
Number of Agents: 10
Number of Runs: 10

--------------------------------------------------------------------------------
GLOBAL BEST SOLUTION (AVERAGE)
--------------------------------------------------------------------------------
Average Best Cost: 173.10

--------------------------------------------------------------------------------
EXECUTION TIME
--------------------------------------------------------------------------------
Total Time (all runs): 203.09 seconds (3.38 minutes)
Average Time per Run: 20.31 seconds (0.34 minutes)

--------------------------------------------------------------------------------
OBJECTIVE FUNCTION EVALUATIONS
--------------------------------------------------------------------------------
Total Evaluations (all runs): 2029870
Average Evaluations per Run: 202987.00

--------------------------------------------------------------------------------
PER-RUN BREAKDOWN
--------------------------------------------------------------------------------
Run  1: g_best=     172.0 | time=     19.68 seconds
Run  2: g_best=     172.0 | time=     20.19 seconds
Run  3: g_best=     172.0 | time=     19.95 seconds
Run  4: g_best=     172.0 | time=     20.80 seconds
Run  5: g_best=     176.0 | time=     20.62 seconds
Run  6: g_best=     176.0 | time=     20.01 seconds
Run  7: g_best=     173.0 | time=     20.60 seconds
Run  8: g_best=     172.0 | time=     20.08 seconds
Run  9: g_best=     173.0 | time=     21.22 seconds
Run 10: g_best=     173.0 | time=     19.94 seconds

================================================================================
