================================================================================
 EXPERIMENT OUTCOME SUMMARY
================================================================================

Instance: 50
Action: MAHM
Run Number: 7
Number of Agents: 10

--------------------------------------------------------------------------------
GLOBAL BEST SOLUTION
--------------------------------------------------------------------------------
Best Cost: 389.00
Found by Agent: agent_3

--------------------------------------------------------------------------------
EXECUTION TIME
--------------------------------------------------------------------------------
Average Time per Agent: 872.08 seconds (14.53 minutes)
Maximum Agent Time: 1479.75 seconds (24.66 minutes)

--------------------------------------------------------------------------------
OBJECTIVE FUNCTION EVALUATIONS
--------------------------------------------------------------------------------
Total Evaluations: 7007387
Average Evaluations per Agent: 700738.70

Per-Agent Breakdown:
  agent_0: 1211062 evaluations
  agent_1: 26877 evaluations
  agent_2: 1163448 evaluations
  agent_3: 1232598 evaluations
  agent_4: 220781 evaluations
  agent_5: 1183058 evaluations
  agent_6: 222256 evaluations
  agent_7: 176427 evaluations
  agent_8: 1386833 evaluations
  agent_9: 184047 evaluations

================================================================================
