================================================================================
 EXPERIMENT OUTCOME SUMMARY
================================================================================

Instance: 20
Action: VNS
Run Number: 6
Number of Agents: 10

--------------------------------------------------------------------------------
GLOBAL BEST SOLUTION
--------------------------------------------------------------------------------
Best Cost: 118.00
Found by Agent: agent_4

--------------------------------------------------------------------------------
EXECUTION TIME
--------------------------------------------------------------------------------
Average Time per Agent: 154.51 seconds (2.58 minutes)
Maximum Agent Time: 156.87 seconds (2.61 minutes)

--------------------------------------------------------------------------------
OBJECTIVE FUNCTION EVALUATIONS
--------------------------------------------------------------------------------
Total Evaluations: 1302574
Average Evaluations per Agent: 130257.40

Per-Agent Breakdown:
  agent_0: 131436 evaluations
  agent_1: 131277 evaluations
  agent_2: 133352 evaluations
  agent_3: 134628 evaluations
  agent_4: 120412 evaluations
  agent_5: 130460 evaluations
  agent_6: 127074 evaluations
  agent_7: 131263 evaluations
  agent_8: 134114 evaluations
  agent_9: 128558 evaluations

================================================================================
