================================================================================
 EXPERIMENT OUTCOME SUMMARY
================================================================================

Instance: 50
Action: VNS
Run Number: 1
Number of Agents: 10

--------------------------------------------------------------------------------
GLOBAL BEST SOLUTION
--------------------------------------------------------------------------------
Best Cost: 390.00
Found by Agent: agent_5

--------------------------------------------------------------------------------
EXECUTION TIME
--------------------------------------------------------------------------------
Average Time per Agent: 2496.67 seconds (41.61 minutes)
Maximum Agent Time: 2678.02 seconds (44.63 minutes)

--------------------------------------------------------------------------------
OBJECTIVE FUNCTION EVALUATIONS
--------------------------------------------------------------------------------
Total Evaluations: 12798840
Average Evaluations per Agent: 1279884.00

Per-Agent Breakdown:
  agent_0: 1452129 evaluations
  agent_1: 1236746 evaluations
  agent_2: 1046240 evaluations
  agent_3: 1345320 evaluations
  agent_4: 1218985 evaluations
  agent_5: 1194159 evaluations
  agent_6: 1210451 evaluations
  agent_7: 1315844 evaluations
  agent_8: 1641430 evaluations
  agent_9: 1137536 evaluations

================================================================================
