================================================================================
 EXPERIMENT SUMMARY (20 RUNS)
================================================================================

Instance: 20
Action: ILS
Number of Agents: 10
Number of Runs: 10

--------------------------------------------------------------------------------
GLOBAL BEST SOLUTION (AVERAGE)
--------------------------------------------------------------------------------
Average Best Cost: 119.70

--------------------------------------------------------------------------------
EXECUTION TIME
--------------------------------------------------------------------------------
Total Time (all runs): 414.14 seconds (6.90 minutes)
Average Time per Run: 41.41 seconds (0.69 minutes)

--------------------------------------------------------------------------------
OBJECTIVE FUNCTION EVALUATIONS
--------------------------------------------------------------------------------
Total Evaluations (all runs): 4360321
Average Evaluations per Run: 436032.10

--------------------------------------------------------------------------------
PER-RUN BREAKDOWN
--------------------------------------------------------------------------------
Run  1: g_best=     120.0 | time=     40.97 seconds
Run  2: g_best=     120.0 | time=     33.44 seconds
Run  3: g_best=     122.0 | time=     35.72 seconds
Run  4: g_best=     120.0 | time=     38.58 seconds
Run  5: g_best=     121.0 | time=     36.79 seconds
Run  6: g_best=     122.0 | time=     41.33 seconds
Run  7: g_best=     118.0 | time=     47.37 seconds
Run  8: g_best=     118.0 | time=     43.66 seconds
Run  9: g_best=     118.0 | time=     48.62 seconds
Run 10: g_best=     118.0 | time=     47.66 seconds

================================================================================
