================================================================================
 EXPERIMENT SUMMARY (20 RUNS)
================================================================================

Instance: 101
Action: VNS
Number of Agents: 10
Number of Runs: 10

--------------------------------------------------------------------------------
GLOBAL BEST SOLUTION (AVERAGE)
--------------------------------------------------------------------------------
Average Best Cost: 632.20

--------------------------------------------------------------------------------
EXECUTION TIME
--------------------------------------------------------------------------------
Total Time (all runs): 135726.16 seconds (2262.10 minutes)
Average Time per Run: 13572.62 seconds (226.21 minutes)

--------------------------------------------------------------------------------
OBJECTIVE FUNCTION EVALUATIONS
--------------------------------------------------------------------------------
Total Evaluations (all runs): 778306093
Average Evaluations per Run: 77830609.30

--------------------------------------------------------------------------------
PER-RUN BREAKDOWN
--------------------------------------------------------------------------------
Run  1: g_best=     634.0 | time=  13464.27 seconds
Run  2: g_best=     633.0 | time=  13399.18 seconds
Run  3: g_best=     634.0 | time=  13044.01 seconds
Run  4: g_best=     636.0 | time=  13865.14 seconds
Run  5: g_best=     631.0 | time=  13599.80 seconds
Run  6: g_best=     624.0 | time=  13743.59 seconds
Run  7: g_best=     630.0 | time=  14030.35 seconds
Run  8: g_best=     634.0 | time=  13829.21 seconds
Run  9: g_best=     622.0 | time=  12979.85 seconds
Run 10: g_best=     644.0 | time=  13770.76 seconds

================================================================================
