================================================================================
 EXPERIMENT OUTCOME SUMMARY
================================================================================

Instance: 30
Action: VNS
Run Number: 8
Number of Agents: 10

--------------------------------------------------------------------------------
GLOBAL BEST SOLUTION
--------------------------------------------------------------------------------
Best Cost: 187.00
Found by Agent: agent_2

--------------------------------------------------------------------------------
EXECUTION TIME
--------------------------------------------------------------------------------
Average Time per Agent: 258.45 seconds (4.31 minutes)
Maximum Agent Time: 271.63 seconds (4.53 minutes)

--------------------------------------------------------------------------------
OBJECTIVE FUNCTION EVALUATIONS
--------------------------------------------------------------------------------
Total Evaluations: 3029116
Average Evaluations per Agent: 302911.60

Per-Agent Breakdown:
  agent_0: 340411 evaluations
  agent_1: 291263 evaluations
  agent_2: 308638 evaluations
  agent_3: 258505 evaluations
  agent_4: 270429 evaluations
  agent_5: 299161 evaluations
  agent_6: 285227 evaluations
  agent_7: 313041 evaluations
  agent_8: 304117 evaluations
  agent_9: 358324 evaluations

================================================================================
