================================================================================
 EXPERIMENT OUTCOME SUMMARY
================================================================================

Instance: 30
Action: ILS
Run Number: 9
Number of Agents: 10

--------------------------------------------------------------------------------
GLOBAL BEST SOLUTION
--------------------------------------------------------------------------------
Best Cost: 193.00
Found by Agent: agent_7

--------------------------------------------------------------------------------
EXECUTION TIME
--------------------------------------------------------------------------------
Average Time per Agent: 51.54 seconds (0.86 minutes)
Maximum Agent Time: 59.59 seconds (0.99 minutes)

--------------------------------------------------------------------------------
OBJECTIVE FUNCTION EVALUATIONS
--------------------------------------------------------------------------------
Total Evaluations: 700321
Average Evaluations per Agent: 70032.10

Per-Agent Breakdown:
  agent_0: 69514 evaluations
  agent_1: 139347 evaluations
  agent_2: 72555 evaluations
  agent_3: 48769 evaluations
  agent_4: 71753 evaluations
  agent_5: 57187 evaluations
  agent_6: 67034 evaluations
  agent_7: 63764 evaluations
  agent_8: 63383 evaluations
  agent_9: 47015 evaluations

================================================================================
