================================================================================
 EXPERIMENT SUMMARY (20 RUNS)
================================================================================

Instance: 50
Action: VNS
Number of Agents: 10
Number of Runs: 10

--------------------------------------------------------------------------------
GLOBAL BEST SOLUTION (AVERAGE)
--------------------------------------------------------------------------------
Average Best Cost: 387.10

--------------------------------------------------------------------------------
EXECUTION TIME
--------------------------------------------------------------------------------
Total Time (all runs): 25209.72 seconds (420.16 minutes)
Average Time per Run: 2520.97 seconds (42.02 minutes)

--------------------------------------------------------------------------------
OBJECTIVE FUNCTION EVALUATIONS
--------------------------------------------------------------------------------
Total Evaluations (all runs): 130021939
Average Evaluations per Run: 13002193.90

--------------------------------------------------------------------------------
PER-RUN BREAKDOWN
--------------------------------------------------------------------------------
Run  1: g_best=     390.0 | time=   2496.67 seconds
Run  2: g_best=     384.0 | time=   2596.60 seconds
Run  3: g_best=     385.0 | time=   2587.14 seconds
Run  4: g_best=     390.0 | time=   2530.74 seconds
Run  5: g_best=     383.0 | time=   2418.52 seconds
Run  6: g_best=     391.0 | time=   2378.56 seconds
Run  7: g_best=     387.0 | time=   2546.86 seconds
Run  8: g_best=     386.0 | time=   2423.74 seconds
Run  9: g_best=     388.0 | time=   2621.48 seconds
Run 10: g_best=     387.0 | time=   2609.41 seconds

================================================================================
