================================================================================
 EXPERIMENT SUMMARY (20 RUNS)
================================================================================

Instance: 20
Action: VND
Number of Agents: 10
Number of Runs: 10

--------------------------------------------------------------------------------
GLOBAL BEST SOLUTION (AVERAGE)
--------------------------------------------------------------------------------
Average Best Cost: 126.00

--------------------------------------------------------------------------------
EXECUTION TIME
--------------------------------------------------------------------------------
Total Time (all runs): 235.84 seconds (3.93 minutes)
Average Time per Run: 23.58 seconds (0.39 minutes)

--------------------------------------------------------------------------------
OBJECTIVE FUNCTION EVALUATIONS
--------------------------------------------------------------------------------
Total Evaluations (all runs): 2013900
Average Evaluations per Run: 201390.00

--------------------------------------------------------------------------------
PER-RUN BREAKDOWN
--------------------------------------------------------------------------------
Run  1: g_best=     126.0 | time=     23.29 seconds
Run  2: g_best=     126.0 | time=     23.96 seconds
Run  3: g_best=     126.0 | time=     23.18 seconds
Run  4: g_best=     126.0 | time=     23.10 seconds
Run  5: g_best=     126.0 | time=     23.23 seconds
Run  6: g_best=     126.0 | time=     24.08 seconds
Run  7: g_best=     126.0 | time=     24.07 seconds
Run  8: g_best=     126.0 | time=     24.15 seconds
Run  9: g_best=     126.0 | time=     23.81 seconds
Run 10: g_best=     126.0 | time=     22.97 seconds

================================================================================
