================================================================================
 EXPERIMENT SUMMARY (20 RUNS)
================================================================================

Instance: 100
Action: MAHM
Number of Agents: 10
Number of Runs: 10

--------------------------------------------------------------------------------
GLOBAL BEST SOLUTION (AVERAGE)
--------------------------------------------------------------------------------
Average Best Cost: 643.60

--------------------------------------------------------------------------------
EXECUTION TIME
--------------------------------------------------------------------------------
Total Time (all runs): 11508.00 seconds (191.80 minutes)
Average Time per Run: 1150.80 seconds (19.18 minutes)

--------------------------------------------------------------------------------
OBJECTIVE FUNCTION EVALUATIONS
--------------------------------------------------------------------------------
Total Evaluations (all runs): 266181275
Average Evaluations per Run: 26618127.50

--------------------------------------------------------------------------------
PER-RUN BREAKDOWN
--------------------------------------------------------------------------------
Run  1: g_best=     660.0 | time=    710.45 seconds
Run  2: g_best=     637.0 | time=    525.73 seconds
Run  3: g_best=     630.0 | time=   1288.09 seconds
Run  4: g_best=     676.0 | time=    391.30 seconds
Run  5: g_best=     636.0 | time=   3325.69 seconds
Run  6: g_best=     635.0 | time=    515.24 seconds
Run  7: g_best=     641.0 | time=   1490.91 seconds
Run  8: g_best=     647.0 | time=    931.63 seconds
Run  9: g_best=     636.0 | time=    806.30 seconds
Run 10: g_best=     638.0 | time=   1522.66 seconds

================================================================================
