================================================================================
 EXPERIMENT OUTCOME SUMMARY
================================================================================

Instance: 101
Action: ILS
Run Number: 7
Number of Agents: 10

--------------------------------------------------------------------------------
GLOBAL BEST SOLUTION
--------------------------------------------------------------------------------
Best Cost: 680.00
Found by Agent: agent_2

--------------------------------------------------------------------------------
EXECUTION TIME
--------------------------------------------------------------------------------
Average Time per Agent: 2072.43 seconds (34.54 minutes)
Maximum Agent Time: 2214.03 seconds (36.90 minutes)

--------------------------------------------------------------------------------
OBJECTIVE FUNCTION EVALUATIONS
--------------------------------------------------------------------------------
Total Evaluations: 11861405
Average Evaluations per Agent: 1186140.50

Per-Agent Breakdown:
  agent_0: 1309119 evaluations
  agent_1: 1301118 evaluations
  agent_2: 861899 evaluations
  agent_3: 1304038 evaluations
  agent_4: 1056202 evaluations
  agent_5: 1174822 evaluations
  agent_6: 1280953 evaluations
  agent_7: 1298600 evaluations
  agent_8: 1071584 evaluations
  agent_9: 1203070 evaluations

================================================================================
