================================================================================
 EXPERIMENT SUMMARY (20 RUNS)
================================================================================

Instance: 100
Action: VND
Number of Agents: 10
Number of Runs: 10

--------------------------------------------------------------------------------
GLOBAL BEST SOLUTION (AVERAGE)
--------------------------------------------------------------------------------
Average Best Cost: 671.90

--------------------------------------------------------------------------------
EXECUTION TIME
--------------------------------------------------------------------------------
Total Time (all runs): 2329.57 seconds (38.83 minutes)
Average Time per Run: 232.96 seconds (3.88 minutes)

--------------------------------------------------------------------------------
OBJECTIVE FUNCTION EVALUATIONS
--------------------------------------------------------------------------------
Total Evaluations (all runs): 32412780
Average Evaluations per Run: 3241278.00

--------------------------------------------------------------------------------
PER-RUN BREAKDOWN
--------------------------------------------------------------------------------
Run  1: g_best=     674.0 | time=    224.42 seconds
Run  2: g_best=     676.0 | time=    263.90 seconds
Run  3: g_best=     662.0 | time=    231.43 seconds
Run  4: g_best=     691.0 | time=    196.40 seconds
Run  5: g_best=     667.0 | time=    252.46 seconds
Run  6: g_best=     664.0 | time=    219.19 seconds
Run  7: g_best=     665.0 | time=    248.56 seconds
Run  8: g_best=     649.0 | time=    197.36 seconds
Run  9: g_best=     666.0 | time=    246.22 seconds
Run 10: g_best=     705.0 | time=    249.63 seconds

================================================================================
