================================================================================
 EXPERIMENT OUTCOME SUMMARY
================================================================================

Instance: 153
Action: MAHM
Run Number: 1
Number of Agents: 10

--------------------------------------------------------------------------------
GLOBAL BEST SOLUTION
--------------------------------------------------------------------------------
Best Cost: 939.00
Found by Agent: agent_6

--------------------------------------------------------------------------------
EXECUTION TIME
--------------------------------------------------------------------------------
Average Time per Agent: 1945.23 seconds (32.42 minutes)
Maximum Agent Time: 3903.35 seconds (65.06 minutes)

--------------------------------------------------------------------------------
OBJECTIVE FUNCTION EVALUATIONS
--------------------------------------------------------------------------------
Total Evaluations: 41375620
Average Evaluations per Agent: 4137562.00

Per-Agent Breakdown:
  agent_0: 3015100 evaluations
  agent_1: 795676 evaluations
  agent_2: 1372770 evaluations
  agent_3: 3893702 evaluations
  agent_4: 2351323 evaluations
  agent_5: 2253948 evaluations
  agent_6: 19107890 evaluations
  agent_7: 2960272 evaluations
  agent_8: 2062144 evaluations
  agent_9: 3562795 evaluations

================================================================================
