================================================================================
 EXPERIMENT SUMMARY (20 RUNS)
================================================================================

Instance: 153
Action: VND
Number of Agents: 10
Number of Runs: 10

--------------------------------------------------------------------------------
GLOBAL BEST SOLUTION (AVERAGE)
--------------------------------------------------------------------------------
Average Best Cost: 963.30

--------------------------------------------------------------------------------
EXECUTION TIME
--------------------------------------------------------------------------------
Total Time (all runs): 10412.71 seconds (173.55 minutes)
Average Time per Run: 1041.27 seconds (17.35 minutes)

--------------------------------------------------------------------------------
OBJECTIVE FUNCTION EVALUATIONS
--------------------------------------------------------------------------------
Total Evaluations (all runs): 138655805
Average Evaluations per Run: 13865580.50

--------------------------------------------------------------------------------
PER-RUN BREAKDOWN
--------------------------------------------------------------------------------
Run  1: g_best=     946.0 | time=    988.62 seconds
Run  2: g_best=     972.0 | time=   1000.89 seconds
Run  3: g_best=     961.0 | time=   1033.96 seconds
Run  4: g_best=     938.0 | time=   1099.59 seconds
Run  5: g_best=     957.0 | time=   1087.50 seconds
Run  6: g_best=     960.0 | time=   1184.23 seconds
Run  7: g_best=    1011.0 | time=   1077.09 seconds
Run  8: g_best=     942.0 | time=    860.17 seconds
Run  9: g_best=     956.0 | time=   1015.44 seconds
Run 10: g_best=     990.0 | time=   1065.22 seconds

================================================================================
