================================================================================
 EXPERIMENT OUTCOME SUMMARY
================================================================================

Instance: 31
Action: VND
Run Number: 5
Number of Agents: 10

--------------------------------------------------------------------------------
GLOBAL BEST SOLUTION
--------------------------------------------------------------------------------
Best Cost: 176.00
Found by Agent: agent_8

--------------------------------------------------------------------------------
EXECUTION TIME
--------------------------------------------------------------------------------
Average Time per Agent: 20.62 seconds (0.34 minutes)
Maximum Agent Time: 20.82 seconds (0.35 minutes)

--------------------------------------------------------------------------------
OBJECTIVE FUNCTION EVALUATIONS
--------------------------------------------------------------------------------
Total Evaluations: 203739
Average Evaluations per Agent: 20373.90

Per-Agent Breakdown:
  agent_0: 20552 evaluations
  agent_1: 20557 evaluations
  agent_2: 20189 evaluations
  agent_3: 20571 evaluations
  agent_4: 20023 evaluations
  agent_5: 20541 evaluations
  agent_6: 20050 evaluations
  agent_7: 20487 evaluations
  agent_8: 20284 evaluations
  agent_9: 20485 evaluations

================================================================================
