================================================================================
 EXPERIMENT OUTCOME SUMMARY
================================================================================

Instance: 30
Action: VNS
Run Number: 10
Number of Agents: 10

--------------------------------------------------------------------------------
GLOBAL BEST SOLUTION
--------------------------------------------------------------------------------
Best Cost: 187.00
Found by Agent: agent_1

--------------------------------------------------------------------------------
EXECUTION TIME
--------------------------------------------------------------------------------
Average Time per Agent: 265.69 seconds (4.43 minutes)
Maximum Agent Time: 273.79 seconds (4.56 minutes)

--------------------------------------------------------------------------------
OBJECTIVE FUNCTION EVALUATIONS
--------------------------------------------------------------------------------
Total Evaluations: 3082574
Average Evaluations per Agent: 308257.40

Per-Agent Breakdown:
  agent_0: 294817 evaluations
  agent_1: 281180 evaluations
  agent_2: 299340 evaluations
  agent_3: 358909 evaluations
  agent_4: 283668 evaluations
  agent_5: 326637 evaluations
  agent_6: 301476 evaluations
  agent_7: 327328 evaluations
  agent_8: 313589 evaluations
  agent_9: 295630 evaluations

================================================================================
