================================================================================
 EXPERIMENT OUTCOME SUMMARY
================================================================================

Instance: 50
Action: VNS
Run Number: 6
Number of Agents: 10

--------------------------------------------------------------------------------
GLOBAL BEST SOLUTION
--------------------------------------------------------------------------------
Best Cost: 391.00
Found by Agent: agent_5

--------------------------------------------------------------------------------
EXECUTION TIME
--------------------------------------------------------------------------------
Average Time per Agent: 2378.56 seconds (39.64 minutes)
Maximum Agent Time: 2532.34 seconds (42.21 minutes)

--------------------------------------------------------------------------------
OBJECTIVE FUNCTION EVALUATIONS
--------------------------------------------------------------------------------
Total Evaluations: 12326239
Average Evaluations per Agent: 1232623.90

Per-Agent Breakdown:
  agent_0: 1380637 evaluations
  agent_1: 1214773 evaluations
  agent_2: 1472255 evaluations
  agent_3: 1084323 evaluations
  agent_4: 1408217 evaluations
  agent_5: 1177053 evaluations
  agent_6: 1255756 evaluations
  agent_7: 1056275 evaluations
  agent_8: 1159997 evaluations
  agent_9: 1116953 evaluations

================================================================================
