================================================================================
 EXPERIMENT OUTCOME SUMMARY
================================================================================

Instance: 50
Action: MAHM
Run Number: 3
Number of Agents: 10

--------------------------------------------------------------------------------
GLOBAL BEST SOLUTION
--------------------------------------------------------------------------------
Best Cost: 385.00
Found by Agent: agent_0

--------------------------------------------------------------------------------
EXECUTION TIME
--------------------------------------------------------------------------------
Average Time per Agent: 565.16 seconds (9.42 minutes)
Maximum Agent Time: 1112.31 seconds (18.54 minutes)

--------------------------------------------------------------------------------
OBJECTIVE FUNCTION EVALUATIONS
--------------------------------------------------------------------------------
Total Evaluations: 5315676
Average Evaluations per Agent: 531567.60

Per-Agent Breakdown:
  agent_0: 1437155 evaluations
  agent_1: 179015 evaluations
  agent_2: 21338 evaluations
  agent_3: 270092 evaluations
  agent_4: 228554 evaluations
  agent_5: 1321873 evaluations
  agent_6: 164711 evaluations
  agent_7: 248635 evaluations
  agent_8: 1180263 evaluations
  agent_9: 264040 evaluations

================================================================================
