================================================================================
 EXPERIMENT OUTCOME SUMMARY
================================================================================

Instance: 21
Action: ILS
Run Number: 10
Number of Agents: 10

--------------------------------------------------------------------------------
GLOBAL BEST SOLUTION
--------------------------------------------------------------------------------
Best Cost: 126.00
Found by Agent: agent_5

--------------------------------------------------------------------------------
EXECUTION TIME
--------------------------------------------------------------------------------
Average Time per Agent: 25.42 seconds (0.42 minutes)
Maximum Agent Time: 27.18 seconds (0.45 minutes)

--------------------------------------------------------------------------------
OBJECTIVE FUNCTION EVALUATIONS
--------------------------------------------------------------------------------
Total Evaluations: 286953
Average Evaluations per Agent: 28695.30

Per-Agent Breakdown:
  agent_0: 30827 evaluations
  agent_1: 32598 evaluations
  agent_2: 26136 evaluations
  agent_3: 25200 evaluations
  agent_4: 33883 evaluations
  agent_5: 28730 evaluations
  agent_6: 31182 evaluations
  agent_7: 26485 evaluations
  agent_8: 29285 evaluations
  agent_9: 22627 evaluations

================================================================================
