================================================================================
 EXPERIMENT OUTCOME SUMMARY
================================================================================

Instance: 153
Action: VNS
Run Number: 3
Number of Agents: 10

--------------------------------------------------------------------------------
GLOBAL BEST SOLUTION
--------------------------------------------------------------------------------
Best Cost: 915.00
Found by Agent: agent_2

--------------------------------------------------------------------------------
EXECUTION TIME
--------------------------------------------------------------------------------
Average Time per Agent: 16629.71 seconds (277.16 minutes)
Maximum Agent Time: 17784.25 seconds (296.40 minutes)

--------------------------------------------------------------------------------
OBJECTIVE FUNCTION EVALUATIONS
--------------------------------------------------------------------------------
Total Evaluations: 199518584
Average Evaluations per Agent: 19951858.40

Per-Agent Breakdown:
  agent_0: 21521262 evaluations
  agent_1: 22336151 evaluations
  agent_2: 16599890 evaluations
  agent_3: 17010193 evaluations
  agent_4: 21092341 evaluations
  agent_5: 22959307 evaluations
  agent_6: 21768708 evaluations
  agent_7: 16681371 evaluations
  agent_8: 20304255 evaluations
  agent_9: 19245106 evaluations

================================================================================
