================================================================================
 EXPERIMENT SUMMARY (20 RUNS)
================================================================================

Instance: 101
Action: VND
Number of Agents: 10
Number of Runs: 10

--------------------------------------------------------------------------------
GLOBAL BEST SOLUTION (AVERAGE)
--------------------------------------------------------------------------------
Average Best Cost: 668.90

--------------------------------------------------------------------------------
EXECUTION TIME
--------------------------------------------------------------------------------
Total Time (all runs): 4924.00 seconds (82.07 minutes)
Average Time per Run: 492.40 seconds (8.21 minutes)

--------------------------------------------------------------------------------
OBJECTIVE FUNCTION EVALUATIONS
--------------------------------------------------------------------------------
Total Evaluations (all runs): 30789167
Average Evaluations per Run: 3078916.70

--------------------------------------------------------------------------------
PER-RUN BREAKDOWN
--------------------------------------------------------------------------------
Run  1: g_best=     698.0 | time=    440.74 seconds
Run  2: g_best=     662.0 | time=    519.25 seconds
Run  3: g_best=     668.0 | time=    552.18 seconds
Run  4: g_best=     660.0 | time=    508.73 seconds
Run  5: g_best=     669.0 | time=    461.33 seconds
Run  6: g_best=     676.0 | time=    483.09 seconds
Run  7: g_best=     663.0 | time=    435.41 seconds
Run  8: g_best=     677.0 | time=    544.08 seconds
Run  9: g_best=     651.0 | time=    467.64 seconds
Run 10: g_best=     665.0 | time=    511.55 seconds

================================================================================
