================================================================================
 EXPERIMENT OUTCOME SUMMARY
================================================================================

Instance: 31
Action: MAHM
Run Number: 8
Number of Agents: 10

--------------------------------------------------------------------------------
GLOBAL BEST SOLUTION
--------------------------------------------------------------------------------
Best Cost: 173.00
Found by Agent: agent_3

--------------------------------------------------------------------------------
EXECUTION TIME
--------------------------------------------------------------------------------
Average Time per Agent: 85.99 seconds (1.43 minutes)
Maximum Agent Time: 133.10 seconds (2.22 minutes)

--------------------------------------------------------------------------------
OBJECTIVE FUNCTION EVALUATIONS
--------------------------------------------------------------------------------
Total Evaluations: 1543295
Average Evaluations per Agent: 154329.50

Per-Agent Breakdown:
  agent_0: 358359 evaluations
  agent_1: 93801 evaluations
  agent_2: 145156 evaluations
  agent_3: 286527 evaluations
  agent_4: 314972 evaluations
  agent_5: 96299 evaluations
  agent_6: 44510 evaluations
  agent_7: 42106 evaluations
  agent_8: 89249 evaluations
  agent_9: 72316 evaluations

================================================================================
