================================================================================
 EXPERIMENT OUTCOME SUMMARY
================================================================================

Instance: 153
Action: VND
Run Number: 8
Number of Agents: 10

--------------------------------------------------------------------------------
GLOBAL BEST SOLUTION
--------------------------------------------------------------------------------
Best Cost: 942.00
Found by Agent: agent_7

--------------------------------------------------------------------------------
EXECUTION TIME
--------------------------------------------------------------------------------
Average Time per Agent: 860.17 seconds (14.34 minutes)
Maximum Agent Time: 1029.86 seconds (17.16 minutes)

--------------------------------------------------------------------------------
OBJECTIVE FUNCTION EVALUATIONS
--------------------------------------------------------------------------------
Total Evaluations: 12360798
Average Evaluations per Agent: 1236079.80

Per-Agent Breakdown:
  agent_0: 974331 evaluations
  agent_1: 1453989 evaluations
  agent_2: 1135511 evaluations
  agent_3: 900754 evaluations
  agent_4: 2041443 evaluations
  agent_5: 890377 evaluations
  agent_6: 742578 evaluations
  agent_7: 1748066 evaluations
  agent_8: 1495050 evaluations
  agent_9: 978699 evaluations

================================================================================
