================================================================================
 EXPERIMENT SUMMARY (20 RUNS)
================================================================================

Instance: 153
Action: ILS
Number of Agents: 10
Number of Runs: 10

--------------------------------------------------------------------------------
GLOBAL BEST SOLUTION (AVERAGE)
--------------------------------------------------------------------------------
Average Best Cost: 973.90

--------------------------------------------------------------------------------
EXECUTION TIME
--------------------------------------------------------------------------------
Total Time (all runs): 23119.78 seconds (385.33 minutes)
Average Time per Run: 2311.98 seconds (38.53 minutes)

--------------------------------------------------------------------------------
OBJECTIVE FUNCTION EVALUATIONS
--------------------------------------------------------------------------------
Total Evaluations (all runs): 300134761
Average Evaluations per Run: 30013476.10

--------------------------------------------------------------------------------
PER-RUN BREAKDOWN
--------------------------------------------------------------------------------
Run  1: g_best=     974.0 | time=   2483.37 seconds
Run  2: g_best=     969.0 | time=   2261.13 seconds
Run  3: g_best=     979.0 | time=   2104.94 seconds
Run  4: g_best=     996.0 | time=   2547.67 seconds
Run  5: g_best=     955.0 | time=   2323.40 seconds
Run  6: g_best=     954.0 | time=   2257.79 seconds
Run  7: g_best=     937.0 | time=   2371.91 seconds
Run  8: g_best=     994.0 | time=   2139.34 seconds
Run  9: g_best=     983.0 | time=   2437.78 seconds
Run 10: g_best=     998.0 | time=   2192.45 seconds

================================================================================
