================================================================================
 EXPERIMENT OUTCOME SUMMARY
================================================================================

Instance: 31
Action: VNS
Run Number: 4
Number of Agents: 10

--------------------------------------------------------------------------------
GLOBAL BEST SOLUTION
--------------------------------------------------------------------------------
Best Cost: 167.00
Found by Agent: agent_2

--------------------------------------------------------------------------------
EXECUTION TIME
--------------------------------------------------------------------------------
Average Time per Agent: 313.31 seconds (5.22 minutes)
Maximum Agent Time: 324.92 seconds (5.42 minutes)

--------------------------------------------------------------------------------
OBJECTIVE FUNCTION EVALUATIONS
--------------------------------------------------------------------------------
Total Evaluations: 3242222
Average Evaluations per Agent: 324222.20

Per-Agent Breakdown:
  agent_0: 321546 evaluations
  agent_1: 262034 evaluations
  agent_2: 336866 evaluations
  agent_3: 346405 evaluations
  agent_4: 307394 evaluations
  agent_5: 326001 evaluations
  agent_6: 321984 evaluations
  agent_7: 348533 evaluations
  agent_8: 318444 evaluations
  agent_9: 353015 evaluations

================================================================================
