================================================================================
 EXPERIMENT SUMMARY (20 RUNS)
================================================================================

Instance: 21
Action: ILS
Number of Agents: 10
Number of Runs: 10

--------------------------------------------------------------------------------
GLOBAL BEST SOLUTION (AVERAGE)
--------------------------------------------------------------------------------
Average Best Cost: 126.80

--------------------------------------------------------------------------------
EXECUTION TIME
--------------------------------------------------------------------------------
Total Time (all runs): 262.66 seconds (4.38 minutes)
Average Time per Run: 26.27 seconds (0.44 minutes)

--------------------------------------------------------------------------------
OBJECTIVE FUNCTION EVALUATIONS
--------------------------------------------------------------------------------
Total Evaluations (all runs): 2908745
Average Evaluations per Run: 290874.50

--------------------------------------------------------------------------------
PER-RUN BREAKDOWN
--------------------------------------------------------------------------------
Run  1: g_best=     128.0 | time=     23.92 seconds
Run  2: g_best=     128.0 | time=     26.20 seconds
Run  3: g_best=     126.0 | time=     25.92 seconds
Run  4: g_best=     126.0 | time=     27.02 seconds
Run  5: g_best=     126.0 | time=     27.34 seconds
Run  6: g_best=     126.0 | time=     24.85 seconds
Run  7: g_best=     126.0 | time=     27.19 seconds
Run  8: g_best=     128.0 | time=     26.35 seconds
Run  9: g_best=     128.0 | time=     28.45 seconds
Run 10: g_best=     126.0 | time=     25.42 seconds

================================================================================
