================================================================================
 EXPERIMENT SUMMARY (20 RUNS)
================================================================================

Instance: 50
Action: ILS
Number of Agents: 10
Number of Runs: 10

--------------------------------------------------------------------------------
GLOBAL BEST SOLUTION (AVERAGE)
--------------------------------------------------------------------------------
Average Best Cost: 417.20

--------------------------------------------------------------------------------
EXECUTION TIME
--------------------------------------------------------------------------------
Total Time (all runs): 4277.19 seconds (71.29 minutes)
Average Time per Run: 427.72 seconds (7.13 minutes)

--------------------------------------------------------------------------------
OBJECTIVE FUNCTION EVALUATIONS
--------------------------------------------------------------------------------
Total Evaluations (all runs): 22352862
Average Evaluations per Run: 2235286.20

--------------------------------------------------------------------------------
PER-RUN BREAKDOWN
--------------------------------------------------------------------------------
Run  1: g_best=     396.0 | time=    431.21 seconds
Run  2: g_best=     438.0 | time=    402.41 seconds
Run  3: g_best=     401.0 | time=    455.98 seconds
Run  4: g_best=     411.0 | time=    423.08 seconds
Run  5: g_best=     430.0 | time=    459.33 seconds
Run  6: g_best=     432.0 | time=    411.56 seconds
Run  7: g_best=     418.0 | time=    423.33 seconds
Run  8: g_best=     410.0 | time=    403.36 seconds
Run  9: g_best=     413.0 | time=    422.62 seconds
Run 10: g_best=     423.0 | time=    444.31 seconds

================================================================================
