================================================================================
 EXPERIMENT SUMMARY (20 RUNS)
================================================================================

Instance: 101
Action: MAHM
Number of Agents: 10
Number of Runs: 10

--------------------------------------------------------------------------------
GLOBAL BEST SOLUTION (AVERAGE)
--------------------------------------------------------------------------------
Average Best Cost: 635.70

--------------------------------------------------------------------------------
EXECUTION TIME
--------------------------------------------------------------------------------
Total Time (all runs): 23984.86 seconds (399.75 minutes)
Average Time per Run: 2398.49 seconds (39.97 minutes)

--------------------------------------------------------------------------------
OBJECTIVE FUNCTION EVALUATIONS
--------------------------------------------------------------------------------
Total Evaluations (all runs): 266635394
Average Evaluations per Run: 26663539.40

--------------------------------------------------------------------------------
PER-RUN BREAKDOWN
--------------------------------------------------------------------------------
Run  1: g_best=     635.0 | time=   4563.90 seconds
Run  2: g_best=     641.0 | time=   3286.44 seconds
Run  3: g_best=     633.0 | time=   1745.43 seconds
Run  4: g_best=     627.0 | time=   1275.88 seconds
Run  5: g_best=     626.0 | time=   1144.64 seconds
Run  6: g_best=     643.0 | time=   2014.33 seconds
Run  7: g_best=     633.0 | time=   3942.02 seconds
Run  8: g_best=     646.0 | time=   1443.04 seconds
Run  9: g_best=     630.0 | time=   2321.59 seconds
Run 10: g_best=     643.0 | time=   2247.59 seconds

================================================================================
