================================================================================
 EXPERIMENT SUMMARY (20 RUNS)
================================================================================

Instance: 31
Action: ILS
Number of Agents: 10
Number of Runs: 10

--------------------------------------------------------------------------------
GLOBAL BEST SOLUTION (AVERAGE)
--------------------------------------------------------------------------------
Average Best Cost: 172.90

--------------------------------------------------------------------------------
EXECUTION TIME
--------------------------------------------------------------------------------
Total Time (all runs): 746.53 seconds (12.44 minutes)
Average Time per Run: 74.65 seconds (1.24 minutes)

--------------------------------------------------------------------------------
OBJECTIVE FUNCTION EVALUATIONS
--------------------------------------------------------------------------------
Total Evaluations (all runs): 8956647
Average Evaluations per Run: 895664.70

--------------------------------------------------------------------------------
PER-RUN BREAKDOWN
--------------------------------------------------------------------------------
Run  1: g_best=     172.0 | time=     78.43 seconds
Run  2: g_best=     176.0 | time=     71.98 seconds
Run  3: g_best=     175.0 | time=     75.91 seconds
Run  4: g_best=     172.0 | time=     78.24 seconds
Run  5: g_best=     173.0 | time=     76.93 seconds
Run  6: g_best=     172.0 | time=     73.33 seconds
Run  7: g_best=     172.0 | time=     72.99 seconds
Run  8: g_best=     176.0 | time=     73.43 seconds
Run  9: g_best=     172.0 | time=     74.68 seconds
Run 10: g_best=     169.0 | time=     70.61 seconds

================================================================================
