================================================================================
 EXPERIMENT SUMMARY (20 RUNS)
================================================================================

Instance: 31
Action: VNS
Number of Agents: 10
Number of Runs: 10

--------------------------------------------------------------------------------
GLOBAL BEST SOLUTION (AVERAGE)
--------------------------------------------------------------------------------
Average Best Cost: 167.40

--------------------------------------------------------------------------------
EXECUTION TIME
--------------------------------------------------------------------------------
Total Time (all runs): 2935.79 seconds (48.93 minutes)
Average Time per Run: 293.58 seconds (4.89 minutes)

--------------------------------------------------------------------------------
OBJECTIVE FUNCTION EVALUATIONS
--------------------------------------------------------------------------------
Total Evaluations (all runs): 31699173
Average Evaluations per Run: 3169917.30

--------------------------------------------------------------------------------
PER-RUN BREAKDOWN
--------------------------------------------------------------------------------
Run  1: g_best=     166.0 | time=    268.61 seconds
Run  2: g_best=     168.0 | time=    285.81 seconds
Run  3: g_best=     166.0 | time=    301.17 seconds
Run  4: g_best=     167.0 | time=    313.31 seconds
Run  5: g_best=     169.0 | time=    270.20 seconds
Run  6: g_best=     167.0 | time=    275.24 seconds
Run  7: g_best=     168.0 | time=    324.43 seconds
Run  8: g_best=     170.0 | time=    309.38 seconds
Run  9: g_best=     166.0 | time=    307.61 seconds
Run 10: g_best=     167.0 | time=    280.03 seconds

================================================================================
