================================================================================
 EXPERIMENT OUTCOME SUMMARY
================================================================================

Instance: 50
Action: VNS
Run Number: 2
Number of Agents: 10

--------------------------------------------------------------------------------
GLOBAL BEST SOLUTION
--------------------------------------------------------------------------------
Best Cost: 384.00
Found by Agent: agent_1

--------------------------------------------------------------------------------
EXECUTION TIME
--------------------------------------------------------------------------------
Average Time per Agent: 2596.60 seconds (43.28 minutes)
Maximum Agent Time: 2734.43 seconds (45.57 minutes)

--------------------------------------------------------------------------------
OBJECTIVE FUNCTION EVALUATIONS
--------------------------------------------------------------------------------
Total Evaluations: 13126120
Average Evaluations per Agent: 1312612.00

Per-Agent Breakdown:
  agent_0: 1351121 evaluations
  agent_1: 1179997 evaluations
  agent_2: 1220560 evaluations
  agent_3: 1430832 evaluations
  agent_4: 1416811 evaluations
  agent_5: 1346678 evaluations
  agent_6: 1301938 evaluations
  agent_7: 1484064 evaluations
  agent_8: 1264419 evaluations
  agent_9: 1129700 evaluations

================================================================================
