================================================================================
 EXPERIMENT OUTCOME SUMMARY
================================================================================

Instance: 50
Action: VND
Run Number: 7
Number of Agents: 10

--------------------------------------------------------------------------------
GLOBAL BEST SOLUTION
--------------------------------------------------------------------------------
Best Cost: 410.00
Found by Agent: agent_6

--------------------------------------------------------------------------------
EXECUTION TIME
--------------------------------------------------------------------------------
Average Time per Agent: 50.62 seconds (0.84 minutes)
Maximum Agent Time: 60.20 seconds (1.00 minutes)

--------------------------------------------------------------------------------
OBJECTIVE FUNCTION EVALUATIONS
--------------------------------------------------------------------------------
Total Evaluations: 283291
Average Evaluations per Agent: 28329.10

Per-Agent Breakdown:
  agent_0: 20573 evaluations
  agent_1: 37059 evaluations
  agent_2: 24689 evaluations
  agent_3: 20779 evaluations
  agent_4: 25624 evaluations
  agent_5: 31486 evaluations
  agent_6: 47236 evaluations
  agent_7: 20858 evaluations
  agent_8: 23882 evaluations
  agent_9: 31105 evaluations

================================================================================
