================================================================================
 EXPERIMENT OUTCOME SUMMARY
================================================================================

Instance: 101
Action: VND
Run Number: 9
Number of Agents: 10

--------------------------------------------------------------------------------
GLOBAL BEST SOLUTION
--------------------------------------------------------------------------------
Best Cost: 651.00
Found by Agent: agent_0

--------------------------------------------------------------------------------
EXECUTION TIME
--------------------------------------------------------------------------------
Average Time per Agent: 467.64 seconds (7.79 minutes)
Maximum Agent Time: 530.64 seconds (8.84 minutes)

--------------------------------------------------------------------------------
OBJECTIVE FUNCTION EVALUATIONS
--------------------------------------------------------------------------------
Total Evaluations: 2835192
Average Evaluations per Agent: 283519.20

Per-Agent Breakdown:
  agent_0: 303125 evaluations
  agent_1: 200163 evaluations
  agent_2: 208045 evaluations
  agent_3: 392287 evaluations
  agent_4: 273758 evaluations
  agent_5: 309000 evaluations
  agent_6: 284252 evaluations
  agent_7: 310516 evaluations
  agent_8: 235717 evaluations
  agent_9: 318329 evaluations

================================================================================
