================================================================================
 EXPERIMENT OUTCOME SUMMARY
================================================================================

Instance: 20
Action: ILS
Run Number: 5
Number of Agents: 10

--------------------------------------------------------------------------------
GLOBAL BEST SOLUTION
--------------------------------------------------------------------------------
Best Cost: 121.00
Found by Agent: agent_4

--------------------------------------------------------------------------------
EXECUTION TIME
--------------------------------------------------------------------------------
Average Time per Agent: 36.79 seconds (0.61 minutes)
Maximum Agent Time: 38.60 seconds (0.64 minutes)

--------------------------------------------------------------------------------
OBJECTIVE FUNCTION EVALUATIONS
--------------------------------------------------------------------------------
Total Evaluations: 429485
Average Evaluations per Agent: 42948.50

Per-Agent Breakdown:
  agent_0: 48298 evaluations
  agent_1: 38954 evaluations
  agent_2: 45611 evaluations
  agent_3: 39552 evaluations
  agent_4: 47972 evaluations
  agent_5: 43064 evaluations
  agent_6: 38952 evaluations
  agent_7: 43500 evaluations
  agent_8: 40803 evaluations
  agent_9: 42779 evaluations

================================================================================
