================================================================================
 EXPERIMENT OUTCOME SUMMARY
================================================================================

Instance: 100
Action: ILS
Run Number: 1
Number of Agents: 10

--------------------------------------------------------------------------------
GLOBAL BEST SOLUTION
--------------------------------------------------------------------------------
Best Cost: 660.00
Found by Agent: agent_9

--------------------------------------------------------------------------------
EXECUTION TIME
--------------------------------------------------------------------------------
Average Time per Agent: 732.38 seconds (12.21 minutes)
Maximum Agent Time: 810.21 seconds (13.50 minutes)

--------------------------------------------------------------------------------
OBJECTIVE FUNCTION EVALUATIONS
--------------------------------------------------------------------------------
Total Evaluations: 9616318
Average Evaluations per Agent: 961631.80

Per-Agent Breakdown:
  agent_0: 909079 evaluations
  agent_1: 621077 evaluations
  agent_2: 1287062 evaluations
  agent_3: 823790 evaluations
  agent_4: 1038440 evaluations
  agent_5: 1027619 evaluations
  agent_6: 1101060 evaluations
  agent_7: 985659 evaluations
  agent_8: 789005 evaluations
  agent_9: 1033527 evaluations

================================================================================
