================================================================================
 EXPERIMENT OUTCOME SUMMARY
================================================================================

Instance: 30
Action: MAHM
Run Number: 10
Number of Agents: 10

--------------------------------------------------------------------------------
GLOBAL BEST SOLUTION
--------------------------------------------------------------------------------
Best Cost: 187.00
Found by Agent: agent_2

--------------------------------------------------------------------------------
EXECUTION TIME
--------------------------------------------------------------------------------
Average Time per Agent: 80.93 seconds (1.35 minutes)
Maximum Agent Time: 117.50 seconds (1.96 minutes)

--------------------------------------------------------------------------------
OBJECTIVE FUNCTION EVALUATIONS
--------------------------------------------------------------------------------
Total Evaluations: 1541764
Average Evaluations per Agent: 154176.40

Per-Agent Breakdown:
  agent_0: 305478 evaluations
  agent_1: 69747 evaluations
  agent_2: 297822 evaluations
  agent_3: 263502 evaluations
  agent_4: 52486 evaluations
  agent_5: 56522 evaluations
  agent_6: 69420 evaluations
  agent_7: 71230 evaluations
  agent_8: 87729 evaluations
  agent_9: 267828 evaluations

================================================================================
