================================================================================
 EXPERIMENT OUTCOME SUMMARY
================================================================================

Instance: 21
Action: VNS
Run Number: 2
Number of Agents: 10

--------------------------------------------------------------------------------
GLOBAL BEST SOLUTION
--------------------------------------------------------------------------------
Best Cost: 116.00
Found by Agent: agent_8

--------------------------------------------------------------------------------
EXECUTION TIME
--------------------------------------------------------------------------------
Average Time per Agent: 100.61 seconds (1.68 minutes)
Maximum Agent Time: 102.18 seconds (1.70 minutes)

--------------------------------------------------------------------------------
OBJECTIVE FUNCTION EVALUATIONS
--------------------------------------------------------------------------------
Total Evaluations: 1159684
Average Evaluations per Agent: 115968.40

Per-Agent Breakdown:
  agent_0: 116873 evaluations
  agent_1: 118631 evaluations
  agent_2: 122227 evaluations
  agent_3: 122285 evaluations
  agent_4: 110853 evaluations
  agent_5: 116012 evaluations
  agent_6: 112642 evaluations
  agent_7: 115817 evaluations
  agent_8: 112045 evaluations
  agent_9: 112299 evaluations

================================================================================
