================================================================================
 EXPERIMENT OUTCOME SUMMARY
================================================================================

Instance: 101
Action: VNS
Run Number: 1
Number of Agents: 10

--------------------------------------------------------------------------------
GLOBAL BEST SOLUTION
--------------------------------------------------------------------------------
Best Cost: 634.00
Found by Agent: agent_7

--------------------------------------------------------------------------------
EXECUTION TIME
--------------------------------------------------------------------------------
Average Time per Agent: 13464.27 seconds (224.40 minutes)
Maximum Agent Time: 14464.61 seconds (241.08 minutes)

--------------------------------------------------------------------------------
OBJECTIVE FUNCTION EVALUATIONS
--------------------------------------------------------------------------------
Total Evaluations: 77306881
Average Evaluations per Agent: 7730688.10

Per-Agent Breakdown:
  agent_0: 9388004 evaluations
  agent_1: 8234479 evaluations
  agent_2: 6777263 evaluations
  agent_3: 7655786 evaluations
  agent_4: 7957711 evaluations
  agent_5: 8277684 evaluations
  agent_6: 8389138 evaluations
  agent_7: 6904413 evaluations
  agent_8: 7280401 evaluations
  agent_9: 6442002 evaluations

================================================================================
