================================================================================
 EXPERIMENT OUTCOME SUMMARY
================================================================================

Instance: 101
Action: ILS
Run Number: 6
Number of Agents: 10

--------------------------------------------------------------------------------
GLOBAL BEST SOLUTION
--------------------------------------------------------------------------------
Best Cost: 654.00
Found by Agent: agent_8

--------------------------------------------------------------------------------
EXECUTION TIME
--------------------------------------------------------------------------------
Average Time per Agent: 2006.24 seconds (33.44 minutes)
Maximum Agent Time: 2239.50 seconds (37.32 minutes)

--------------------------------------------------------------------------------
OBJECTIVE FUNCTION EVALUATIONS
--------------------------------------------------------------------------------
Total Evaluations: 11864168
Average Evaluations per Agent: 1186416.80

Per-Agent Breakdown:
  agent_0: 1198114 evaluations
  agent_1: 1061779 evaluations
  agent_2: 1038786 evaluations
  agent_3: 1028303 evaluations
  agent_4: 1326298 evaluations
  agent_5: 1342459 evaluations
  agent_6: 1548951 evaluations
  agent_7: 968762 evaluations
  agent_8: 921727 evaluations
  agent_9: 1428989 evaluations

================================================================================
