================================================================================
 EXPERIMENT SUMMARY (20 RUNS)
================================================================================

Instance: 21
Action: VNS
Number of Agents: 10
Number of Runs: 10

--------------------------------------------------------------------------------
GLOBAL BEST SOLUTION (AVERAGE)
--------------------------------------------------------------------------------
Average Best Cost: 116.00

--------------------------------------------------------------------------------
EXECUTION TIME
--------------------------------------------------------------------------------
Total Time (all runs): 1094.23 seconds (18.24 minutes)
Average Time per Run: 109.42 seconds (1.82 minutes)

--------------------------------------------------------------------------------
OBJECTIVE FUNCTION EVALUATIONS
--------------------------------------------------------------------------------
Total Evaluations (all runs): 11620901
Average Evaluations per Run: 1162090.10

--------------------------------------------------------------------------------
PER-RUN BREAKDOWN
--------------------------------------------------------------------------------
Run  1: g_best=     116.0 | time=    117.49 seconds
Run  2: g_best=     116.0 | time=    100.61 seconds
Run  3: g_best=     116.0 | time=    104.87 seconds
Run  4: g_best=     116.0 | time=    107.04 seconds
Run  5: g_best=     116.0 | time=    116.31 seconds
Run  6: g_best=     116.0 | time=    123.81 seconds
Run  7: g_best=     116.0 | time=    115.73 seconds
Run  8: g_best=     116.0 | time=    109.40 seconds
Run  9: g_best=     116.0 | time=     98.53 seconds
Run 10: g_best=     116.0 | time=    100.44 seconds

================================================================================
