================================================================================
 EXPERIMENT OUTCOME SUMMARY
================================================================================

Instance: 21
Action: MAHM
Run Number: 4
Number of Agents: 10

--------------------------------------------------------------------------------
GLOBAL BEST SOLUTION
--------------------------------------------------------------------------------
Best Cost: 116.00
Found by Agent: agent_6

--------------------------------------------------------------------------------
EXECUTION TIME
--------------------------------------------------------------------------------
Average Time per Agent: 44.09 seconds (0.73 minutes)
Maximum Agent Time: 62.83 seconds (1.05 minutes)

--------------------------------------------------------------------------------
OBJECTIVE FUNCTION EVALUATIONS
--------------------------------------------------------------------------------
Total Evaluations: 724431
Average Evaluations per Agent: 72443.10

Per-Agent Breakdown:
  agent_0: 25158 evaluations
  agent_1: 33351 evaluations
  agent_2: 37635 evaluations
  agent_3: 130572 evaluations
  agent_4: 28971 evaluations
  agent_5: 115294 evaluations
  agent_6: 76650 evaluations
  agent_7: 28378 evaluations
  agent_8: 119310 evaluations
  agent_9: 129112 evaluations

================================================================================
