================================================================================
 EXPERIMENT OUTCOME SUMMARY
================================================================================

Instance: 20
Action: MAHM
Run Number: 8
Number of Agents: 10

--------------------------------------------------------------------------------
GLOBAL BEST SOLUTION
--------------------------------------------------------------------------------
Best Cost: 118.00
Found by Agent: agent_0

--------------------------------------------------------------------------------
EXECUTION TIME
--------------------------------------------------------------------------------
Average Time per Agent: 103.94 seconds (1.73 minutes)
Maximum Agent Time: 127.36 seconds (2.12 minutes)

--------------------------------------------------------------------------------
OBJECTIVE FUNCTION EVALUATIONS
--------------------------------------------------------------------------------
Total Evaluations: 1028256
Average Evaluations per Agent: 102825.60

Per-Agent Breakdown:
  agent_0: 117016 evaluations
  agent_1: 124120 evaluations
  agent_2: 124355 evaluations
  agent_3: 26474 evaluations
  agent_4: 128380 evaluations
  agent_5: 136085 evaluations
  agent_6: 39353 evaluations
  agent_7: 76971 evaluations
  agent_8: 124507 evaluations
  agent_9: 130995 evaluations

================================================================================
