================================================================================
 EXPERIMENT OUTCOME SUMMARY
================================================================================

Instance: 30
Action: VNS
Run Number: 9
Number of Agents: 10

--------------------------------------------------------------------------------
GLOBAL BEST SOLUTION
--------------------------------------------------------------------------------
Best Cost: 187.00
Found by Agent: agent_1

--------------------------------------------------------------------------------
EXECUTION TIME
--------------------------------------------------------------------------------
Average Time per Agent: 243.59 seconds (4.06 minutes)
Maximum Agent Time: 253.81 seconds (4.23 minutes)

--------------------------------------------------------------------------------
OBJECTIVE FUNCTION EVALUATIONS
--------------------------------------------------------------------------------
Total Evaluations: 2891441
Average Evaluations per Agent: 289144.10

Per-Agent Breakdown:
  agent_0: 262260 evaluations
  agent_1: 278387 evaluations
  agent_2: 288882 evaluations
  agent_3: 300859 evaluations
  agent_4: 276179 evaluations
  agent_5: 282551 evaluations
  agent_6: 323229 evaluations
  agent_7: 310770 evaluations
  agent_8: 252504 evaluations
  agent_9: 315820 evaluations

================================================================================
