================================================================================
 EXPERIMENT SUMMARY (20 RUNS)
================================================================================

Instance: 153
Action: MAHM
Number of Agents: 10
Number of Runs: 10

--------------------------------------------------------------------------------
GLOBAL BEST SOLUTION (AVERAGE)
--------------------------------------------------------------------------------
Average Best Cost: 926.80

--------------------------------------------------------------------------------
EXECUTION TIME
--------------------------------------------------------------------------------
Total Time (all runs): 32157.69 seconds (535.96 minutes)
Average Time per Run: 3215.77 seconds (53.60 minutes)

--------------------------------------------------------------------------------
OBJECTIVE FUNCTION EVALUATIONS
--------------------------------------------------------------------------------
Total Evaluations (all runs): 800345576
Average Evaluations per Run: 80034557.60

--------------------------------------------------------------------------------
PER-RUN BREAKDOWN
--------------------------------------------------------------------------------
Run  1: g_best=     939.0 | time=   1945.23 seconds
Run  2: g_best=     930.0 | time=   5111.74 seconds
Run  3: g_best=     945.0 | time=   2111.99 seconds
Run  4: g_best=     919.0 | time=   3369.25 seconds
Run  5: g_best=     930.0 | time=   3611.20 seconds
Run  6: g_best=     915.0 | time=   1390.50 seconds
Run  7: g_best=     909.0 | time=   3538.84 seconds
Run  8: g_best=     919.0 | time=   4154.81 seconds
Run  9: g_best=     929.0 | time=   4870.03 seconds
Run 10: g_best=     933.0 | time=   2054.10 seconds

================================================================================
