================================================================================
 EXPERIMENT OUTCOME SUMMARY
================================================================================

Instance: 101
Action: ILS
Run Number: 5
Number of Agents: 10

--------------------------------------------------------------------------------
GLOBAL BEST SOLUTION
--------------------------------------------------------------------------------
Best Cost: 651.00
Found by Agent: agent_0

--------------------------------------------------------------------------------
EXECUTION TIME
--------------------------------------------------------------------------------
Average Time per Agent: 1836.79 seconds (30.61 minutes)
Maximum Agent Time: 2068.10 seconds (34.47 minutes)

--------------------------------------------------------------------------------
OBJECTIVE FUNCTION EVALUATIONS
--------------------------------------------------------------------------------
Total Evaluations: 11007122
Average Evaluations per Agent: 1100712.20

Per-Agent Breakdown:
  agent_0: 1281716 evaluations
  agent_1: 1136350 evaluations
  agent_2: 638094 evaluations
  agent_3: 1400020 evaluations
  agent_4: 1120881 evaluations
  agent_5: 1138630 evaluations
  agent_6: 831466 evaluations
  agent_7: 1350035 evaluations
  agent_8: 1111385 evaluations
  agent_9: 998545 evaluations

================================================================================
