================================================================================
 EXPERIMENT SUMMARY (20 RUNS)
================================================================================

Instance: 30
Action: VND
Number of Agents: 10
Number of Runs: 10

--------------------------------------------------------------------------------
GLOBAL BEST SOLUTION (AVERAGE)
--------------------------------------------------------------------------------
Average Best Cost: 194.60

--------------------------------------------------------------------------------
EXECUTION TIME
--------------------------------------------------------------------------------
Total Time (all runs): 201.42 seconds (3.36 minutes)
Average Time per Run: 20.14 seconds (0.34 minutes)

--------------------------------------------------------------------------------
OBJECTIVE FUNCTION EVALUATIONS
--------------------------------------------------------------------------------
Total Evaluations (all runs): 2027484
Average Evaluations per Run: 202748.40

--------------------------------------------------------------------------------
PER-RUN BREAKDOWN
--------------------------------------------------------------------------------
Run  1: g_best=     195.0 | time=     20.56 seconds
Run  2: g_best=     195.0 | time=     20.18 seconds
Run  3: g_best=     195.0 | time=     20.37 seconds
Run  4: g_best=     196.0 | time=     21.00 seconds
Run  5: g_best=     193.0 | time=     19.64 seconds
Run  6: g_best=     194.0 | time=     19.32 seconds
Run  7: g_best=     195.0 | time=     20.68 seconds
Run  8: g_best=     194.0 | time=     19.32 seconds
Run  9: g_best=     193.0 | time=     20.48 seconds
Run 10: g_best=     196.0 | time=     19.87 seconds

================================================================================
