================================================================================
 EXPERIMENT OUTCOME SUMMARY
================================================================================

Instance: 30
Action: VNS
Run Number: 1
Number of Agents: 10

--------------------------------------------------------------------------------
GLOBAL BEST SOLUTION
--------------------------------------------------------------------------------
Best Cost: 187.00
Found by Agent: agent_1

--------------------------------------------------------------------------------
EXECUTION TIME
--------------------------------------------------------------------------------
Average Time per Agent: 241.73 seconds (4.03 minutes)
Maximum Agent Time: 251.27 seconds (4.19 minutes)

--------------------------------------------------------------------------------
OBJECTIVE FUNCTION EVALUATIONS
--------------------------------------------------------------------------------
Total Evaluations: 3008512
Average Evaluations per Agent: 300851.20

Per-Agent Breakdown:
  agent_0: 308211 evaluations
  agent_1: 282870 evaluations
  agent_2: 346914 evaluations
  agent_3: 289705 evaluations
  agent_4: 269627 evaluations
  agent_5: 293483 evaluations
  agent_6: 276166 evaluations
  agent_7: 321729 evaluations
  agent_8: 280153 evaluations
  agent_9: 339654 evaluations

================================================================================
