================================================================================
 EXPERIMENT OUTCOME SUMMARY
================================================================================

Instance: 31
Action: MAHM
Run Number: 4
Number of Agents: 10

--------------------------------------------------------------------------------
GLOBAL BEST SOLUTION
--------------------------------------------------------------------------------
Best Cost: 167.00
Found by Agent: agent_6

--------------------------------------------------------------------------------
EXECUTION TIME
--------------------------------------------------------------------------------
Average Time per Agent: 85.79 seconds (1.43 minutes)
Maximum Agent Time: 114.28 seconds (1.90 minutes)

--------------------------------------------------------------------------------
OBJECTIVE FUNCTION EVALUATIONS
--------------------------------------------------------------------------------
Total Evaluations: 1380489
Average Evaluations per Agent: 138048.90

Per-Agent Breakdown:
  agent_0: 48871 evaluations
  agent_1: 315871 evaluations
  agent_2: 114123 evaluations
  agent_3: 77634 evaluations
  agent_4: 144509 evaluations
  agent_5: 71190 evaluations
  agent_6: 310889 evaluations
  agent_7: 79577 evaluations
  agent_8: 94342 evaluations
  agent_9: 123483 evaluations

================================================================================
