================================================================================
 EXPERIMENT OUTCOME SUMMARY
================================================================================

Instance: 31
Action: VND
Run Number: 2
Number of Agents: 10

--------------------------------------------------------------------------------
GLOBAL BEST SOLUTION
--------------------------------------------------------------------------------
Best Cost: 172.00
Found by Agent: agent_8

--------------------------------------------------------------------------------
EXECUTION TIME
--------------------------------------------------------------------------------
Average Time per Agent: 20.19 seconds (0.34 minutes)
Maximum Agent Time: 20.43 seconds (0.34 minutes)

--------------------------------------------------------------------------------
OBJECTIVE FUNCTION EVALUATIONS
--------------------------------------------------------------------------------
Total Evaluations: 202095
Average Evaluations per Agent: 20209.50

Per-Agent Breakdown:
  agent_0: 20034 evaluations
  agent_1: 20351 evaluations
  agent_2: 20161 evaluations
  agent_3: 20129 evaluations
  agent_4: 20134 evaluations
  agent_5: 20402 evaluations
  agent_6: 20342 evaluations
  agent_7: 20159 evaluations
  agent_8: 20267 evaluations
  agent_9: 20116 evaluations

================================================================================
