================================================================================
 EXPERIMENT OUTCOME SUMMARY
================================================================================

Instance: 100
Action: MAHM
Run Number: 6
Number of Agents: 10

--------------------------------------------------------------------------------
GLOBAL BEST SOLUTION
--------------------------------------------------------------------------------
Best Cost: 635.00
Found by Agent: agent_4

--------------------------------------------------------------------------------
EXECUTION TIME
--------------------------------------------------------------------------------
Average Time per Agent: 515.24 seconds (8.59 minutes)
Maximum Agent Time: 1231.89 seconds (20.53 minutes)

--------------------------------------------------------------------------------
OBJECTIVE FUNCTION EVALUATIONS
--------------------------------------------------------------------------------
Total Evaluations: 17562906
Average Evaluations per Agent: 1756290.60

Per-Agent Breakdown:
  agent_0: 281640 evaluations
  agent_1: 6073069 evaluations
  agent_2: 1005481 evaluations
  agent_3: 919091 evaluations
  agent_4: 6714133 evaluations
  agent_5: 329035 evaluations
  agent_6: 240077 evaluations
  agent_7: 1392660 evaluations
  agent_8: 281213 evaluations
  agent_9: 326507 evaluations

================================================================================
