================================================================================
 EXPERIMENT OUTCOME SUMMARY
================================================================================

Instance: 21
Action: VNS
Run Number: 7
Number of Agents: 10

--------------------------------------------------------------------------------
GLOBAL BEST SOLUTION
--------------------------------------------------------------------------------
Best Cost: 116.00
Found by Agent: agent_7

--------------------------------------------------------------------------------
EXECUTION TIME
--------------------------------------------------------------------------------
Average Time per Agent: 115.73 seconds (1.93 minutes)
Maximum Agent Time: 118.50 seconds (1.98 minutes)

--------------------------------------------------------------------------------
OBJECTIVE FUNCTION EVALUATIONS
--------------------------------------------------------------------------------
Total Evaluations: 1153175
Average Evaluations per Agent: 115317.50

Per-Agent Breakdown:
  agent_0: 118312 evaluations
  agent_1: 116886 evaluations
  agent_2: 123340 evaluations
  agent_3: 117889 evaluations
  agent_4: 112750 evaluations
  agent_5: 111879 evaluations
  agent_6: 117108 evaluations
  agent_7: 107758 evaluations
  agent_8: 111675 evaluations
  agent_9: 115578 evaluations

================================================================================
