================================================================================
 EXPERIMENT OUTCOME SUMMARY
================================================================================

Instance: 100
Action: VND
Run Number: 4
Number of Agents: 10

--------------------------------------------------------------------------------
GLOBAL BEST SOLUTION
--------------------------------------------------------------------------------
Best Cost: 691.00
Found by Agent: agent_8

--------------------------------------------------------------------------------
EXECUTION TIME
--------------------------------------------------------------------------------
Average Time per Agent: 196.40 seconds (3.27 minutes)
Maximum Agent Time: 237.17 seconds (3.95 minutes)

--------------------------------------------------------------------------------
OBJECTIVE FUNCTION EVALUATIONS
--------------------------------------------------------------------------------
Total Evaluations: 2883677
Average Evaluations per Agent: 288367.70

Per-Agent Breakdown:
  agent_0: 265403 evaluations
  agent_1: 244732 evaluations
  agent_2: 437248 evaluations
  agent_3: 153274 evaluations
  agent_4: 288792 evaluations
  agent_5: 209664 evaluations
  agent_6: 192903 evaluations
  agent_7: 326127 evaluations
  agent_8: 515865 evaluations
  agent_9: 249669 evaluations

================================================================================
