================================================================================
 EXPERIMENT OUTCOME SUMMARY
================================================================================

Instance: 21
Action: VND
Run Number: 6
Number of Agents: 10

--------------------------------------------------------------------------------
GLOBAL BEST SOLUTION
--------------------------------------------------------------------------------
Best Cost: 128.00
Found by Agent: agent_0

--------------------------------------------------------------------------------
EXECUTION TIME
--------------------------------------------------------------------------------
Average Time per Agent: 24.75 seconds (0.41 minutes)
Maximum Agent Time: 24.87 seconds (0.41 minutes)

--------------------------------------------------------------------------------
OBJECTIVE FUNCTION EVALUATIONS
--------------------------------------------------------------------------------
Total Evaluations: 202250
Average Evaluations per Agent: 20225.00

Per-Agent Breakdown:
  agent_0: 20225 evaluations
  agent_1: 20225 evaluations
  agent_2: 20225 evaluations
  agent_3: 20225 evaluations
  agent_4: 20225 evaluations
  agent_5: 20225 evaluations
  agent_6: 20225 evaluations
  agent_7: 20225 evaluations
  agent_8: 20225 evaluations
  agent_9: 20225 evaluations

================================================================================
