================================================================================
 EXPERIMENT OUTCOME SUMMARY
================================================================================

Instance: 31
Action: VND
Run Number: 3
Number of Agents: 10

--------------------------------------------------------------------------------
GLOBAL BEST SOLUTION
--------------------------------------------------------------------------------
Best Cost: 172.00
Found by Agent: agent_9

--------------------------------------------------------------------------------
EXECUTION TIME
--------------------------------------------------------------------------------
Average Time per Agent: 19.95 seconds (0.33 minutes)
Maximum Agent Time: 20.06 seconds (0.33 minutes)

--------------------------------------------------------------------------------
OBJECTIVE FUNCTION EVALUATIONS
--------------------------------------------------------------------------------
Total Evaluations: 202329
Average Evaluations per Agent: 20232.90

Per-Agent Breakdown:
  agent_0: 20111 evaluations
  agent_1: 20096 evaluations
  agent_2: 20119 evaluations
  agent_3: 20500 evaluations
  agent_4: 20158 evaluations
  agent_5: 20010 evaluations
  agent_6: 20055 evaluations
  agent_7: 20572 evaluations
  agent_8: 20441 evaluations
  agent_9: 20267 evaluations

================================================================================
