================================================================================
 EXPERIMENT SUMMARY (20 RUNS)
================================================================================

Instance: 30
Action: MAHM
Number of Agents: 10
Number of Runs: 10

--------------------------------------------------------------------------------
GLOBAL BEST SOLUTION (AVERAGE)
--------------------------------------------------------------------------------
Average Best Cost: 187.50

--------------------------------------------------------------------------------
EXECUTION TIME
--------------------------------------------------------------------------------
Total Time (all runs): 1001.90 seconds (16.70 minutes)
Average Time per Run: 100.19 seconds (1.67 minutes)

--------------------------------------------------------------------------------
OBJECTIVE FUNCTION EVALUATIONS
--------------------------------------------------------------------------------
Total Evaluations (all runs): 16078594
Average Evaluations per Run: 1607859.40

--------------------------------------------------------------------------------
PER-RUN BREAKDOWN
--------------------------------------------------------------------------------
Run  1: g_best=     188.0 | time=    166.21 seconds
Run  2: g_best=     187.0 | time=     77.10 seconds
Run  3: g_best=     190.0 | time=     60.36 seconds
Run  4: g_best=     187.0 | time=     60.94 seconds
Run  5: g_best=     188.0 | time=     72.85 seconds
Run  6: g_best=     187.0 | time=    103.25 seconds
Run  7: g_best=     187.0 | time=    109.54 seconds
Run  8: g_best=     187.0 | time=    143.60 seconds
Run  9: g_best=     187.0 | time=    127.12 seconds
Run 10: g_best=     187.0 | time=     80.93 seconds

================================================================================
