================================================================================
 EXPERIMENT OUTCOME SUMMARY
================================================================================

Instance: 100
Action: VNS
Run Number: 6
Number of Agents: 10

--------------------------------------------------------------------------------
GLOBAL BEST SOLUTION
--------------------------------------------------------------------------------
Best Cost: 641.00
Found by Agent: agent_2

--------------------------------------------------------------------------------
EXECUTION TIME
--------------------------------------------------------------------------------
Average Time per Agent: 5721.91 seconds (95.37 minutes)
Maximum Agent Time: 6149.95 seconds (102.50 minutes)

--------------------------------------------------------------------------------
OBJECTIVE FUNCTION EVALUATIONS
--------------------------------------------------------------------------------
Total Evaluations: 67200920
Average Evaluations per Agent: 6720092.00

Per-Agent Breakdown:
  agent_0: 7654194 evaluations
  agent_1: 6544411 evaluations
  agent_2: 6723148 evaluations
  agent_3: 7499283 evaluations
  agent_4: 6021409 evaluations
  agent_5: 4826885 evaluations
  agent_6: 6975781 evaluations
  agent_7: 6156929 evaluations
  agent_8: 7521727 evaluations
  agent_9: 7277153 evaluations

================================================================================
