================================================================================
 EXPERIMENT OUTCOME SUMMARY
================================================================================

Instance: 153
Action: VND
Run Number: 7
Number of Agents: 10

--------------------------------------------------------------------------------
GLOBAL BEST SOLUTION
--------------------------------------------------------------------------------
Best Cost: 1011.00
Found by Agent: agent_9

--------------------------------------------------------------------------------
EXECUTION TIME
--------------------------------------------------------------------------------
Average Time per Agent: 1077.09 seconds (17.95 minutes)
Maximum Agent Time: 1238.10 seconds (20.63 minutes)

--------------------------------------------------------------------------------
OBJECTIVE FUNCTION EVALUATIONS
--------------------------------------------------------------------------------
Total Evaluations: 14401553
Average Evaluations per Agent: 1440155.30

Per-Agent Breakdown:
  agent_0: 1282639 evaluations
  agent_1: 1463844 evaluations
  agent_2: 1013065 evaluations
  agent_3: 2271910 evaluations
  agent_4: 1242973 evaluations
  agent_5: 1129326 evaluations
  agent_6: 1082680 evaluations
  agent_7: 1284291 evaluations
  agent_8: 2184053 evaluations
  agent_9: 1446772 evaluations

================================================================================
