================================================================================
 EXPERIMENT OUTCOME SUMMARY
================================================================================

Instance: 20
Action: VNS
Run Number: 3
Number of Agents: 10

--------------------------------------------------------------------------------
GLOBAL BEST SOLUTION
--------------------------------------------------------------------------------
Best Cost: 118.00
Found by Agent: agent_9

--------------------------------------------------------------------------------
EXECUTION TIME
--------------------------------------------------------------------------------
Average Time per Agent: 152.30 seconds (2.54 minutes)
Maximum Agent Time: 154.33 seconds (2.57 minutes)

--------------------------------------------------------------------------------
OBJECTIVE FUNCTION EVALUATIONS
--------------------------------------------------------------------------------
Total Evaluations: 1317440
Average Evaluations per Agent: 131744.00

Per-Agent Breakdown:
  agent_0: 134373 evaluations
  agent_1: 128504 evaluations
  agent_2: 130940 evaluations
  agent_3: 138056 evaluations
  agent_4: 135291 evaluations
  agent_5: 124929 evaluations
  agent_6: 130913 evaluations
  agent_7: 130687 evaluations
  agent_8: 136179 evaluations
  agent_9: 127568 evaluations

================================================================================
