================================================================================
 EXPERIMENT OUTCOME SUMMARY
================================================================================

Instance: 21
Action: VNS
Run Number: 4
Number of Agents: 10

--------------------------------------------------------------------------------
GLOBAL BEST SOLUTION
--------------------------------------------------------------------------------
Best Cost: 116.00
Found by Agent: agent_3

--------------------------------------------------------------------------------
EXECUTION TIME
--------------------------------------------------------------------------------
Average Time per Agent: 107.04 seconds (1.78 minutes)
Maximum Agent Time: 109.81 seconds (1.83 minutes)

--------------------------------------------------------------------------------
OBJECTIVE FUNCTION EVALUATIONS
--------------------------------------------------------------------------------
Total Evaluations: 1142107
Average Evaluations per Agent: 114210.70

Per-Agent Breakdown:
  agent_0: 112568 evaluations
  agent_1: 114721 evaluations
  agent_2: 104592 evaluations
  agent_3: 106346 evaluations
  agent_4: 108728 evaluations
  agent_5: 113352 evaluations
  agent_6: 110812 evaluations
  agent_7: 122075 evaluations
  agent_8: 126221 evaluations
  agent_9: 122692 evaluations

================================================================================
