================================================================================
 EXPERIMENT OUTCOME SUMMARY
================================================================================

Instance: 153
Action: VNS
Run Number: 6
Number of Agents: 10

--------------------------------------------------------------------------------
GLOBAL BEST SOLUTION
--------------------------------------------------------------------------------
Best Cost: 927.00
Found by Agent: agent_7

--------------------------------------------------------------------------------
EXECUTION TIME
--------------------------------------------------------------------------------
Average Time per Agent: 16706.64 seconds (278.44 minutes)
Maximum Agent Time: 17853.17 seconds (297.55 minutes)

--------------------------------------------------------------------------------
OBJECTIVE FUNCTION EVALUATIONS
--------------------------------------------------------------------------------
Total Evaluations: 203068258
Average Evaluations per Agent: 20306825.80

Per-Agent Breakdown:
  agent_0: 21604522 evaluations
  agent_1: 18014459 evaluations
  agent_2: 23019216 evaluations
  agent_3: 19242087 evaluations
  agent_4: 19259678 evaluations
  agent_5: 21522917 evaluations
  agent_6: 17657921 evaluations
  agent_7: 16046118 evaluations
  agent_8: 24250409 evaluations
  agent_9: 22450931 evaluations

================================================================================
