================================================================================
 EXPERIMENT SUMMARY (20 RUNS)
================================================================================

Instance: 30
Action: ILS
Number of Agents: 10
Number of Runs: 10

--------------------------------------------------------------------------------
GLOBAL BEST SOLUTION (AVERAGE)
--------------------------------------------------------------------------------
Average Best Cost: 192.60

--------------------------------------------------------------------------------
EXECUTION TIME
--------------------------------------------------------------------------------
Total Time (all runs): 521.16 seconds (8.69 minutes)
Average Time per Run: 52.12 seconds (0.87 minutes)

--------------------------------------------------------------------------------
OBJECTIVE FUNCTION EVALUATIONS
--------------------------------------------------------------------------------
Total Evaluations (all runs): 6421792
Average Evaluations per Run: 642179.20

--------------------------------------------------------------------------------
PER-RUN BREAKDOWN
--------------------------------------------------------------------------------
Run  1: g_best=     190.0 | time=     48.51 seconds
Run  2: g_best=     193.0 | time=     61.19 seconds
Run  3: g_best=     194.0 | time=     53.20 seconds
Run  4: g_best=     191.0 | time=     51.00 seconds
Run  5: g_best=     194.0 | time=     51.75 seconds
Run  6: g_best=     193.0 | time=     49.45 seconds
Run  7: g_best=     193.0 | time=     54.19 seconds
Run  8: g_best=     194.0 | time=     51.37 seconds
Run  9: g_best=     193.0 | time=     51.54 seconds
Run 10: g_best=     191.0 | time=     48.96 seconds

================================================================================
