================================================================================
 EXPERIMENT OUTCOME SUMMARY
================================================================================

Instance: 50
Action: VNS
Run Number: 3
Number of Agents: 10

--------------------------------------------------------------------------------
GLOBAL BEST SOLUTION
--------------------------------------------------------------------------------
Best Cost: 385.00
Found by Agent: agent_7

--------------------------------------------------------------------------------
EXECUTION TIME
--------------------------------------------------------------------------------
Average Time per Agent: 2587.14 seconds (43.12 minutes)
Maximum Agent Time: 2857.21 seconds (47.62 minutes)

--------------------------------------------------------------------------------
OBJECTIVE FUNCTION EVALUATIONS
--------------------------------------------------------------------------------
Total Evaluations: 13756449
Average Evaluations per Agent: 1375644.90

Per-Agent Breakdown:
  agent_0: 1221006 evaluations
  agent_1: 1218916 evaluations
  agent_2: 1871554 evaluations
  agent_3: 1093678 evaluations
  agent_4: 1209187 evaluations
  agent_5: 1928981 evaluations
  agent_6: 1358095 evaluations
  agent_7: 1256540 evaluations
  agent_8: 1312930 evaluations
  agent_9: 1285562 evaluations

================================================================================
