================================================================================
 EXPERIMENT SUMMARY (20 RUNS)
================================================================================

Instance: 20
Action: MAHM
Number of Agents: 10
Number of Runs: 10

--------------------------------------------------------------------------------
GLOBAL BEST SOLUTION (AVERAGE)
--------------------------------------------------------------------------------
Average Best Cost: 118.40

--------------------------------------------------------------------------------
EXECUTION TIME
--------------------------------------------------------------------------------
Total Time (all runs): 633.00 seconds (10.55 minutes)
Average Time per Run: 63.30 seconds (1.05 minutes)

--------------------------------------------------------------------------------
OBJECTIVE FUNCTION EVALUATIONS
--------------------------------------------------------------------------------
Total Evaluations (all runs): 7837226
Average Evaluations per Run: 783722.60

--------------------------------------------------------------------------------
PER-RUN BREAKDOWN
--------------------------------------------------------------------------------
Run  1: g_best=     118.0 | time=     54.26 seconds
Run  2: g_best=     118.0 | time=     92.78 seconds
Run  3: g_best=     119.0 | time=     46.64 seconds
Run  4: g_best=     118.0 | time=     43.93 seconds
Run  5: g_best=     118.0 | time=     49.90 seconds
Run  6: g_best=     118.0 | time=     59.02 seconds
Run  7: g_best=     118.0 | time=     82.82 seconds
Run  8: g_best=     118.0 | time=    103.94 seconds
Run  9: g_best=     120.0 | time=     45.00 seconds
Run 10: g_best=     119.0 | time=     54.71 seconds

================================================================================
