================================================================================
 EXPERIMENT SUMMARY (20 RUNS)
================================================================================

Instance: 21
Action: MAHM
Number of Agents: 10
Number of Runs: 10

--------------------------------------------------------------------------------
GLOBAL BEST SOLUTION (AVERAGE)
--------------------------------------------------------------------------------
Average Best Cost: 116.00

--------------------------------------------------------------------------------
EXECUTION TIME
--------------------------------------------------------------------------------
Total Time (all runs): 521.89 seconds (8.70 minutes)
Average Time per Run: 52.19 seconds (0.87 minutes)

--------------------------------------------------------------------------------
OBJECTIVE FUNCTION EVALUATIONS
--------------------------------------------------------------------------------
Total Evaluations (all runs): 7579150
Average Evaluations per Run: 757915.00

--------------------------------------------------------------------------------
PER-RUN BREAKDOWN
--------------------------------------------------------------------------------
Run  1: g_best=     116.0 | time=     83.74 seconds
Run  2: g_best=     116.0 | time=     73.40 seconds
Run  3: g_best=     116.0 | time=     45.79 seconds
Run  4: g_best=     116.0 | time=     44.09 seconds
Run  5: g_best=     116.0 | time=     33.47 seconds
Run  6: g_best=     116.0 | time=     35.80 seconds
Run  7: g_best=     116.0 | time=     71.41 seconds
Run  8: g_best=     116.0 | time=     48.76 seconds
Run  9: g_best=     116.0 | time=     49.04 seconds
Run 10: g_best=     116.0 | time=     36.39 seconds

================================================================================
