================================================================================
 EXPERIMENT OUTCOME SUMMARY
================================================================================

Instance: 21
Action: MAHM
Run Number: 10
Number of Agents: 10

--------------------------------------------------------------------------------
GLOBAL BEST SOLUTION
--------------------------------------------------------------------------------
Best Cost: 116.00
Found by Agent: agent_3

--------------------------------------------------------------------------------
EXECUTION TIME
--------------------------------------------------------------------------------
Average Time per Agent: 36.39 seconds (0.61 minutes)
Maximum Agent Time: 50.03 seconds (0.83 minutes)

--------------------------------------------------------------------------------
OBJECTIVE FUNCTION EVALUATIONS
--------------------------------------------------------------------------------
Total Evaluations: 656059
Average Evaluations per Agent: 65605.90

Per-Agent Breakdown:
  agent_0: 29410 evaluations
  agent_1: 30866 evaluations
  agent_2: 30086 evaluations
  agent_3: 115384 evaluations
  agent_4: 27126 evaluations
  agent_5: 130809 evaluations
  agent_6: 110966 evaluations
  agent_7: 35799 evaluations
  agent_8: 31669 evaluations
  agent_9: 113944 evaluations

================================================================================
