================================================================================
 EXPERIMENT SUMMARY (20 RUNS)
================================================================================

Instance: 50
Action: MAHM
Number of Agents: 10
Number of Runs: 10

--------------------------------------------------------------------------------
GLOBAL BEST SOLUTION (AVERAGE)
--------------------------------------------------------------------------------
Average Best Cost: 390.30

--------------------------------------------------------------------------------
EXECUTION TIME
--------------------------------------------------------------------------------
Total Time (all runs): 6241.97 seconds (104.03 minutes)
Average Time per Run: 624.20 seconds (10.40 minutes)

--------------------------------------------------------------------------------
OBJECTIVE FUNCTION EVALUATIONS
--------------------------------------------------------------------------------
Total Evaluations (all runs): 58331846
Average Evaluations per Run: 5833184.60

--------------------------------------------------------------------------------
PER-RUN BREAKDOWN
--------------------------------------------------------------------------------
Run  1: g_best=     395.0 | time=    404.81 seconds
Run  2: g_best=     384.0 | time=    458.17 seconds
Run  3: g_best=     385.0 | time=    565.16 seconds
Run  4: g_best=     394.0 | time=    493.22 seconds
Run  5: g_best=     401.0 | time=    286.97 seconds
Run  6: g_best=     387.0 | time=    569.07 seconds
Run  7: g_best=     389.0 | time=    872.08 seconds
Run  8: g_best=     388.0 | time=   1071.95 seconds
Run  9: g_best=     380.0 | time=    939.43 seconds
Run 10: g_best=     400.0 | time=    581.11 seconds

================================================================================
