================================================================================
 EXPERIMENT SUMMARY (20 RUNS)
================================================================================

Instance: 101
Action: ILS
Number of Agents: 10
Number of Runs: 10

--------------------------------------------------------------------------------
GLOBAL BEST SOLUTION (AVERAGE)
--------------------------------------------------------------------------------
Average Best Cost: 663.20

--------------------------------------------------------------------------------
EXECUTION TIME
--------------------------------------------------------------------------------
Total Time (all runs): 19441.81 seconds (324.03 minutes)
Average Time per Run: 1944.18 seconds (32.40 minutes)

--------------------------------------------------------------------------------
OBJECTIVE FUNCTION EVALUATIONS
--------------------------------------------------------------------------------
Total Evaluations (all runs): 116152725
Average Evaluations per Run: 11615272.50

--------------------------------------------------------------------------------
PER-RUN BREAKDOWN
--------------------------------------------------------------------------------
Run  1: g_best=     659.0 | time=   1931.71 seconds
Run  2: g_best=     675.0 | time=   1742.83 seconds
Run  3: g_best=     675.0 | time=   1840.83 seconds
Run  4: g_best=     652.0 | time=   1921.70 seconds
Run  5: g_best=     651.0 | time=   1836.79 seconds
Run  6: g_best=     654.0 | time=   2006.24 seconds
Run  7: g_best=     680.0 | time=   2072.43 seconds
Run  8: g_best=     658.0 | time=   2040.00 seconds
Run  9: g_best=     656.0 | time=   2020.21 seconds
Run 10: g_best=     672.0 | time=   2029.07 seconds

================================================================================
