================================================================================
 EXPERIMENT SUMMARY (20 RUNS)
================================================================================

Instance: 100
Action: ILS
Number of Agents: 10
Number of Runs: 10

--------------------------------------------------------------------------------
GLOBAL BEST SOLUTION (AVERAGE)
--------------------------------------------------------------------------------
Average Best Cost: 667.60

--------------------------------------------------------------------------------
EXECUTION TIME
--------------------------------------------------------------------------------
Total Time (all runs): 8255.46 seconds (137.59 minutes)
Average Time per Run: 825.55 seconds (13.76 minutes)

--------------------------------------------------------------------------------
OBJECTIVE FUNCTION EVALUATIONS
--------------------------------------------------------------------------------
Total Evaluations (all runs): 106005411
Average Evaluations per Run: 10600541.10

--------------------------------------------------------------------------------
PER-RUN BREAKDOWN
--------------------------------------------------------------------------------
Run  1: g_best=     660.0 | time=    732.38 seconds
Run  2: g_best=     684.0 | time=    847.92 seconds
Run  3: g_best=     666.0 | time=    843.85 seconds
Run  4: g_best=     661.0 | time=    844.27 seconds
Run  5: g_best=     668.0 | time=    831.11 seconds
Run  6: g_best=     667.0 | time=    844.42 seconds
Run  7: g_best=     671.0 | time=    813.18 seconds
Run  8: g_best=     671.0 | time=    724.43 seconds
Run  9: g_best=     665.0 | time=    896.49 seconds
Run 10: g_best=     663.0 | time=    877.41 seconds

================================================================================
