================================================================================
 EXPERIMENT OUTCOME SUMMARY
================================================================================

Instance: 30
Action: VND
Run Number: 7
Number of Agents: 10

--------------------------------------------------------------------------------
GLOBAL BEST SOLUTION
--------------------------------------------------------------------------------
Best Cost: 195.00
Found by Agent: agent_4

--------------------------------------------------------------------------------
EXECUTION TIME
--------------------------------------------------------------------------------
Average Time per Agent: 20.68 seconds (0.34 minutes)
Maximum Agent Time: 20.88 seconds (0.35 minutes)

--------------------------------------------------------------------------------
OBJECTIVE FUNCTION EVALUATIONS
--------------------------------------------------------------------------------
Total Evaluations: 202881
Average Evaluations per Agent: 20288.10

Per-Agent Breakdown:
  agent_0: 20252 evaluations
  agent_1: 20386 evaluations
  agent_2: 20339 evaluations
  agent_3: 20060 evaluations
  agent_4: 20298 evaluations
  agent_5: 20298 evaluations
  agent_6: 20386 evaluations
  agent_7: 20146 evaluations
  agent_8: 20418 evaluations
  agent_9: 20298 evaluations

================================================================================
