================================================================================
 EXPERIMENT OUTCOME SUMMARY
================================================================================

Instance: 31
Action: VNS
Run Number: 3
Number of Agents: 10

--------------------------------------------------------------------------------
GLOBAL BEST SOLUTION
--------------------------------------------------------------------------------
Best Cost: 166.00
Found by Agent: agent_1

--------------------------------------------------------------------------------
EXECUTION TIME
--------------------------------------------------------------------------------
Average Time per Agent: 301.17 seconds (5.02 minutes)
Maximum Agent Time: 311.26 seconds (5.19 minutes)

--------------------------------------------------------------------------------
OBJECTIVE FUNCTION EVALUATIONS
--------------------------------------------------------------------------------
Total Evaluations: 3156125
Average Evaluations per Agent: 315612.50

Per-Agent Breakdown:
  agent_0: 316586 evaluations
  agent_1: 324288 evaluations
  agent_2: 298474 evaluations
  agent_3: 329514 evaluations
  agent_4: 347460 evaluations
  agent_5: 306988 evaluations
  agent_6: 297443 evaluations
  agent_7: 324437 evaluations
  agent_8: 285292 evaluations
  agent_9: 325643 evaluations

================================================================================
