================================================================================
 EXPERIMENT OUTCOME SUMMARY
================================================================================

Instance: 21
Action: ILS
Run Number: 1
Number of Agents: 10

--------------------------------------------------------------------------------
GLOBAL BEST SOLUTION
--------------------------------------------------------------------------------
Best Cost: 128.00
Found by Agent: agent_4

--------------------------------------------------------------------------------
EXECUTION TIME
--------------------------------------------------------------------------------
Average Time per Agent: 23.92 seconds (0.40 minutes)
Maximum Agent Time: 24.88 seconds (0.41 minutes)

--------------------------------------------------------------------------------
OBJECTIVE FUNCTION EVALUATIONS
--------------------------------------------------------------------------------
Total Evaluations: 279247
Average Evaluations per Agent: 27924.70

Per-Agent Breakdown:
  agent_0: 27241 evaluations
  agent_1: 27808 evaluations
  agent_2: 28569 evaluations
  agent_3: 30829 evaluations
  agent_4: 24847 evaluations
  agent_5: 28727 evaluations
  agent_6: 31252 evaluations
  agent_7: 26737 evaluations
  agent_8: 27384 evaluations
  agent_9: 25853 evaluations

================================================================================
