================================================================================
 EXPERIMENT SUMMARY (20 RUNS)
================================================================================

Instance: 50
Action: VND
Number of Agents: 10
Number of Runs: 10

--------------------------------------------------------------------------------
GLOBAL BEST SOLUTION (AVERAGE)
--------------------------------------------------------------------------------
Average Best Cost: 419.80

--------------------------------------------------------------------------------
EXECUTION TIME
--------------------------------------------------------------------------------
Total Time (all runs): 489.65 seconds (8.16 minutes)
Average Time per Run: 48.96 seconds (0.82 minutes)

--------------------------------------------------------------------------------
OBJECTIVE FUNCTION EVALUATIONS
--------------------------------------------------------------------------------
Total Evaluations (all runs): 2752136
Average Evaluations per Run: 275213.60

--------------------------------------------------------------------------------
PER-RUN BREAKDOWN
--------------------------------------------------------------------------------
Run  1: g_best=     433.0 | time=     52.02 seconds
Run  2: g_best=     423.0 | time=     45.22 seconds
Run  3: g_best=     429.0 | time=     46.03 seconds
Run  4: g_best=     407.0 | time=     51.63 seconds
Run  5: g_best=     423.0 | time=     49.21 seconds
Run  6: g_best=     407.0 | time=     52.63 seconds
Run  7: g_best=     410.0 | time=     50.62 seconds
Run  8: g_best=     427.0 | time=     50.52 seconds
Run  9: g_best=     429.0 | time=     46.80 seconds
Run 10: g_best=     410.0 | time=     44.97 seconds

================================================================================
