================================================================================
 EXPERIMENT OUTCOME SUMMARY
================================================================================

Instance: 20
Action: ILS
Run Number: 2
Number of Agents: 10

--------------------------------------------------------------------------------
GLOBAL BEST SOLUTION
--------------------------------------------------------------------------------
Best Cost: 120.00
Found by Agent: agent_3

--------------------------------------------------------------------------------
EXECUTION TIME
--------------------------------------------------------------------------------
Average Time per Agent: 33.44 seconds (0.56 minutes)
Maximum Agent Time: 34.80 seconds (0.58 minutes)

--------------------------------------------------------------------------------
OBJECTIVE FUNCTION EVALUATIONS
--------------------------------------------------------------------------------
Total Evaluations: 422942
Average Evaluations per Agent: 42294.20

Per-Agent Breakdown:
  agent_0: 41438 evaluations
  agent_1: 41673 evaluations
  agent_2: 42235 evaluations
  agent_3: 35468 evaluations
  agent_4: 40108 evaluations
  agent_5: 50858 evaluations
  agent_6: 41150 evaluations
  agent_7: 40491 evaluations
  agent_8: 45021 evaluations
  agent_9: 44500 evaluations

================================================================================
