================================================================================
 EXPERIMENT SUMMARY (20 RUNS)
================================================================================

Instance: 30
Action: VNS
Number of Agents: 10
Number of Runs: 10

--------------------------------------------------------------------------------
GLOBAL BEST SOLUTION (AVERAGE)
--------------------------------------------------------------------------------
Average Best Cost: 187.00

--------------------------------------------------------------------------------
EXECUTION TIME
--------------------------------------------------------------------------------
Total Time (all runs): 2558.22 seconds (42.64 minutes)
Average Time per Run: 255.82 seconds (4.26 minutes)

--------------------------------------------------------------------------------
OBJECTIVE FUNCTION EVALUATIONS
--------------------------------------------------------------------------------
Total Evaluations (all runs): 29824794
Average Evaluations per Run: 2982479.40

--------------------------------------------------------------------------------
PER-RUN BREAKDOWN
--------------------------------------------------------------------------------
Run  1: g_best=     187.0 | time=    241.73 seconds
Run  2: g_best=     187.0 | time=    263.90 seconds
Run  3: g_best=     187.0 | time=    264.00 seconds
Run  4: g_best=     187.0 | time=    250.62 seconds
Run  5: g_best=     187.0 | time=    248.74 seconds
Run  6: g_best=     187.0 | time=    271.86 seconds
Run  7: g_best=     187.0 | time=    249.64 seconds
Run  8: g_best=     187.0 | time=    258.45 seconds
Run  9: g_best=     187.0 | time=    243.59 seconds
Run 10: g_best=     187.0 | time=    265.69 seconds

================================================================================
