================================================================================
 EXPERIMENT SUMMARY (20 RUNS)
================================================================================

Instance: 100
Action: VNS
Number of Agents: 10
Number of Runs: 10

--------------------------------------------------------------------------------
GLOBAL BEST SOLUTION (AVERAGE)
--------------------------------------------------------------------------------
Average Best Cost: 634.20

--------------------------------------------------------------------------------
EXECUTION TIME
--------------------------------------------------------------------------------
Total Time (all runs): 55556.35 seconds (925.94 minutes)
Average Time per Run: 5555.64 seconds (92.59 minutes)

--------------------------------------------------------------------------------
OBJECTIVE FUNCTION EVALUATIONS
--------------------------------------------------------------------------------
Total Evaluations (all runs): 649949405
Average Evaluations per Run: 64994940.50

--------------------------------------------------------------------------------
PER-RUN BREAKDOWN
--------------------------------------------------------------------------------
Run  1: g_best=     638.0 | time=   4687.58 seconds
Run  2: g_best=     635.0 | time=   5110.22 seconds
Run  3: g_best=     644.0 | time=   5086.26 seconds
Run  4: g_best=     626.0 | time=   5705.21 seconds
Run  5: g_best=     623.0 | time=   5217.26 seconds
Run  6: g_best=     641.0 | time=   5721.91 seconds
Run  7: g_best=     634.0 | time=   6496.67 seconds
Run  8: g_best=     637.0 | time=   5739.58 seconds
Run  9: g_best=     643.0 | time=   6297.33 seconds
Run 10: g_best=     621.0 | time=   5494.33 seconds

================================================================================
