================================================================================
 EXPERIMENT OUTCOME SUMMARY
================================================================================

Instance: 20
Action: VNS
Run Number: 10
Number of Agents: 10

--------------------------------------------------------------------------------
GLOBAL BEST SOLUTION
--------------------------------------------------------------------------------
Best Cost: 118.00
Found by Agent: agent_7

--------------------------------------------------------------------------------
EXECUTION TIME
--------------------------------------------------------------------------------
Average Time per Agent: 144.30 seconds (2.40 minutes)
Maximum Agent Time: 149.46 seconds (2.49 minutes)

--------------------------------------------------------------------------------
OBJECTIVE FUNCTION EVALUATIONS
--------------------------------------------------------------------------------
Total Evaluations: 1295633
Average Evaluations per Agent: 129563.30

Per-Agent Breakdown:
  agent_0: 132036 evaluations
  agent_1: 133810 evaluations
  agent_2: 130700 evaluations
  agent_3: 136840 evaluations
  agent_4: 111453 evaluations
  agent_5: 127485 evaluations
  agent_6: 124929 evaluations
  agent_7: 139325 evaluations
  agent_8: 142091 evaluations
  agent_9: 116964 evaluations

================================================================================
