================================================================================
 EXPERIMENT OUTCOME SUMMARY
================================================================================

Instance: 153
Action: ILS
Run Number: 9
Number of Agents: 10

--------------------------------------------------------------------------------
GLOBAL BEST SOLUTION
--------------------------------------------------------------------------------
Best Cost: 983.00
Found by Agent: agent_3

--------------------------------------------------------------------------------
EXECUTION TIME
--------------------------------------------------------------------------------
Average Time per Agent: 2437.78 seconds (40.63 minutes)
Maximum Agent Time: 2664.55 seconds (44.41 minutes)

--------------------------------------------------------------------------------
OBJECTIVE FUNCTION EVALUATIONS
--------------------------------------------------------------------------------
Total Evaluations: 30808249
Average Evaluations per Agent: 3080824.90

Per-Agent Breakdown:
  agent_0: 3210645 evaluations
  agent_1: 3366976 evaluations
  agent_2: 4164001 evaluations
  agent_3: 2975925 evaluations
  agent_4: 3009428 evaluations
  agent_5: 3060980 evaluations
  agent_6: 2519840 evaluations
  agent_7: 3304158 evaluations
  agent_8: 2069338 evaluations
  agent_9: 3126958 evaluations

================================================================================
