================================================================================
 EXPERIMENT OUTCOME SUMMARY
================================================================================

Instance: 21
Action: VND
Run Number: 4
Number of Agents: 10

--------------------------------------------------------------------------------
GLOBAL BEST SOLUTION
--------------------------------------------------------------------------------
Best Cost: 128.00
Found by Agent: agent_4

--------------------------------------------------------------------------------
EXECUTION TIME
--------------------------------------------------------------------------------
Average Time per Agent: 25.71 seconds (0.43 minutes)
Maximum Agent Time: 25.84 seconds (0.43 minutes)

--------------------------------------------------------------------------------
OBJECTIVE FUNCTION EVALUATIONS
--------------------------------------------------------------------------------
Total Evaluations: 202241
Average Evaluations per Agent: 20224.10

Per-Agent Breakdown:
  agent_0: 20225 evaluations
  agent_1: 20225 evaluations
  agent_2: 20225 evaluations
  agent_3: 20225 evaluations
  agent_4: 20225 evaluations
  agent_5: 20225 evaluations
  agent_6: 20225 evaluations
  agent_7: 20225 evaluations
  agent_8: 20225 evaluations
  agent_9: 20216 evaluations

================================================================================
