================================================================================
 EXPERIMENT OUTCOME SUMMARY
================================================================================

Instance: 50
Action: MAHM
Run Number: 6
Number of Agents: 10

--------------------------------------------------------------------------------
GLOBAL BEST SOLUTION
--------------------------------------------------------------------------------
Best Cost: 387.00
Found by Agent: agent_1

--------------------------------------------------------------------------------
EXECUTION TIME
--------------------------------------------------------------------------------
Average Time per Agent: 569.07 seconds (9.48 minutes)
Maximum Agent Time: 1235.66 seconds (20.59 minutes)

--------------------------------------------------------------------------------
OBJECTIVE FUNCTION EVALUATIONS
--------------------------------------------------------------------------------
Total Evaluations: 5840943
Average Evaluations per Agent: 584094.30

Per-Agent Breakdown:
  agent_0: 169760 evaluations
  agent_1: 1281157 evaluations
  agent_2: 250528 evaluations
  agent_3: 175483 evaluations
  agent_4: 43607 evaluations
  agent_5: 1501089 evaluations
  agent_6: 21445 evaluations
  agent_7: 1042008 evaluations
  agent_8: 21182 evaluations
  agent_9: 1334684 evaluations

================================================================================
