================================================================================
 EXPERIMENT OUTCOME SUMMARY
================================================================================

Instance: 153
Action: ILS
Run Number: 7
Number of Agents: 10

--------------------------------------------------------------------------------
GLOBAL BEST SOLUTION
--------------------------------------------------------------------------------
Best Cost: 937.00
Found by Agent: agent_6

--------------------------------------------------------------------------------
EXECUTION TIME
--------------------------------------------------------------------------------
Average Time per Agent: 2371.91 seconds (39.53 minutes)
Maximum Agent Time: 2666.45 seconds (44.44 minutes)

--------------------------------------------------------------------------------
OBJECTIVE FUNCTION EVALUATIONS
--------------------------------------------------------------------------------
Total Evaluations: 31181688
Average Evaluations per Agent: 3118168.80

Per-Agent Breakdown:
  agent_0: 3408353 evaluations
  agent_1: 3636807 evaluations
  agent_2: 1777559 evaluations
  agent_3: 3871970 evaluations
  agent_4: 3867204 evaluations
  agent_5: 2176242 evaluations
  agent_6: 3605649 evaluations
  agent_7: 2750203 evaluations
  agent_8: 3092401 evaluations
  agent_9: 2995300 evaluations

================================================================================
