================================================================================
 EXPERIMENT SUMMARY (20 RUNS)
================================================================================

Instance: 31
Action: MAHM
Number of Agents: 10
Number of Runs: 10

--------------------------------------------------------------------------------
GLOBAL BEST SOLUTION (AVERAGE)
--------------------------------------------------------------------------------
Average Best Cost: 169.50

--------------------------------------------------------------------------------
EXECUTION TIME
--------------------------------------------------------------------------------
Total Time (all runs): 1255.94 seconds (20.93 minutes)
Average Time per Run: 125.59 seconds (2.09 minutes)

--------------------------------------------------------------------------------
OBJECTIVE FUNCTION EVALUATIONS
--------------------------------------------------------------------------------
Total Evaluations (all runs): 19135991
Average Evaluations per Run: 1913599.10

--------------------------------------------------------------------------------
PER-RUN BREAKDOWN
--------------------------------------------------------------------------------
Run  1: g_best=     169.0 | time=    186.95 seconds
Run  2: g_best=     171.0 | time=    100.36 seconds
Run  3: g_best=     168.0 | time=    114.01 seconds
Run  4: g_best=     167.0 | time=     85.79 seconds
Run  5: g_best=     166.0 | time=    167.67 seconds
Run  6: g_best=     173.0 | time=    152.29 seconds
Run  7: g_best=     170.0 | time=    109.66 seconds
Run  8: g_best=     173.0 | time=     85.99 seconds
Run  9: g_best=     170.0 | time=     82.78 seconds
Run 10: g_best=     168.0 | time=    170.44 seconds

================================================================================
