================================================================================
 EXPERIMENT OUTCOME SUMMARY
================================================================================

Instance: 30
Action: ILS
Run Number: 8
Number of Agents: 10

--------------------------------------------------------------------------------
GLOBAL BEST SOLUTION
--------------------------------------------------------------------------------
Best Cost: 194.00
Found by Agent: agent_3

--------------------------------------------------------------------------------
EXECUTION TIME
--------------------------------------------------------------------------------
Average Time per Agent: 51.37 seconds (0.86 minutes)
Maximum Agent Time: 55.74 seconds (0.93 minutes)

--------------------------------------------------------------------------------
OBJECTIVE FUNCTION EVALUATIONS
--------------------------------------------------------------------------------
Total Evaluations: 596044
Average Evaluations per Agent: 59604.40

Per-Agent Breakdown:
  agent_0: 52936 evaluations
  agent_1: 52998 evaluations
  agent_2: 57530 evaluations
  agent_3: 68758 evaluations
  agent_4: 42738 evaluations
  agent_5: 66821 evaluations
  agent_6: 60583 evaluations
  agent_7: 63050 evaluations
  agent_8: 55796 evaluations
  agent_9: 74834 evaluations

================================================================================
