================================================================================
 EXPERIMENT OUTCOME SUMMARY
================================================================================

Instance: 101
Action: MAHM
Run Number: 8
Number of Agents: 10

--------------------------------------------------------------------------------
GLOBAL BEST SOLUTION
--------------------------------------------------------------------------------
Best Cost: 646.00
Found by Agent: agent_4

--------------------------------------------------------------------------------
EXECUTION TIME
--------------------------------------------------------------------------------
Average Time per Agent: 1443.04 seconds (24.05 minutes)
Maximum Agent Time: 4130.65 seconds (68.84 minutes)

--------------------------------------------------------------------------------
OBJECTIVE FUNCTION EVALUATIONS
--------------------------------------------------------------------------------
Total Evaluations: 17109305
Average Evaluations per Agent: 1710930.50

Per-Agent Breakdown:
  agent_0: 1170260 evaluations
  agent_1: 1302629 evaluations
  agent_2: 890235 evaluations
  agent_3: 323694 evaluations
  agent_4: 10017641 evaluations
  agent_5: 208558 evaluations
  agent_6: 216198 evaluations
  agent_7: 989126 evaluations
  agent_8: 1073965 evaluations
  agent_9: 916999 evaluations

================================================================================
