================================================================================
 EXPERIMENT OUTCOME SUMMARY
================================================================================

Instance: 100
Action: VND
Run Number: 1
Number of Agents: 10

--------------------------------------------------------------------------------
GLOBAL BEST SOLUTION
--------------------------------------------------------------------------------
Best Cost: 674.00
Found by Agent: agent_8

--------------------------------------------------------------------------------
EXECUTION TIME
--------------------------------------------------------------------------------
Average Time per Agent: 224.42 seconds (3.74 minutes)
Maximum Agent Time: 267.59 seconds (4.46 minutes)

--------------------------------------------------------------------------------
OBJECTIVE FUNCTION EVALUATIONS
--------------------------------------------------------------------------------
Total Evaluations: 3302881
Average Evaluations per Agent: 330288.10

Per-Agent Breakdown:
  agent_0: 576959 evaluations
  agent_1: 300548 evaluations
  agent_2: 375663 evaluations
  agent_3: 234434 evaluations
  agent_4: 281484 evaluations
  agent_5: 244874 evaluations
  agent_6: 236922 evaluations
  agent_7: 412009 evaluations
  agent_8: 432696 evaluations
  agent_9: 207292 evaluations

================================================================================
