================================================================================
 EXPERIMENT OUTCOME SUMMARY
================================================================================

Instance: 30
Action: VND
Run Number: 2
Number of Agents: 10

--------------------------------------------------------------------------------
GLOBAL BEST SOLUTION
--------------------------------------------------------------------------------
Best Cost: 195.00
Found by Agent: agent_3

--------------------------------------------------------------------------------
EXECUTION TIME
--------------------------------------------------------------------------------
Average Time per Agent: 20.18 seconds (0.34 minutes)
Maximum Agent Time: 20.35 seconds (0.34 minutes)

--------------------------------------------------------------------------------
OBJECTIVE FUNCTION EVALUATIONS
--------------------------------------------------------------------------------
Total Evaluations: 202329
Average Evaluations per Agent: 20232.90

Per-Agent Breakdown:
  agent_0: 20349 evaluations
  agent_1: 20001 evaluations
  agent_2: 20176 evaluations
  agent_3: 20298 evaluations
  agent_4: 20032 evaluations
  agent_5: 20222 evaluations
  agent_6: 20242 evaluations
  agent_7: 20184 evaluations
  agent_8: 20331 evaluations
  agent_9: 20494 evaluations

================================================================================
