================================================================================
 EXPERIMENT OUTCOME SUMMARY
================================================================================

Instance: 30
Action: ILS
Run Number: 1
Number of Agents: 10

--------------------------------------------------------------------------------
GLOBAL BEST SOLUTION
--------------------------------------------------------------------------------
Best Cost: 190.00
Found by Agent: agent_4

--------------------------------------------------------------------------------
EXECUTION TIME
--------------------------------------------------------------------------------
Average Time per Agent: 48.51 seconds (0.81 minutes)
Maximum Agent Time: 54.73 seconds (0.91 minutes)

--------------------------------------------------------------------------------
OBJECTIVE FUNCTION EVALUATIONS
--------------------------------------------------------------------------------
Total Evaluations: 622312
Average Evaluations per Agent: 62231.20

Per-Agent Breakdown:
  agent_0: 64010 evaluations
  agent_1: 61297 evaluations
  agent_2: 61194 evaluations
  agent_3: 70060 evaluations
  agent_4: 92267 evaluations
  agent_5: 69783 evaluations
  agent_6: 64544 evaluations
  agent_7: 48518 evaluations
  agent_8: 41942 evaluations
  agent_9: 48697 evaluations

================================================================================
