================================================================================
 EXPERIMENT SUMMARY (20 RUNS)
================================================================================

Instance: 20
Action: VNS
Number of Agents: 10
Number of Runs: 10

--------------------------------------------------------------------------------
GLOBAL BEST SOLUTION (AVERAGE)
--------------------------------------------------------------------------------
Average Best Cost: 118.10

--------------------------------------------------------------------------------
EXECUTION TIME
--------------------------------------------------------------------------------
Total Time (all runs): 1514.87 seconds (25.25 minutes)
Average Time per Run: 151.49 seconds (2.52 minutes)

--------------------------------------------------------------------------------
OBJECTIVE FUNCTION EVALUATIONS
--------------------------------------------------------------------------------
Total Evaluations (all runs): 12884153
Average Evaluations per Run: 1288415.30

--------------------------------------------------------------------------------
PER-RUN BREAKDOWN
--------------------------------------------------------------------------------
Run  1: g_best=     118.0 | time=    158.00 seconds
Run  2: g_best=     118.0 | time=    150.12 seconds
Run  3: g_best=     118.0 | time=    152.30 seconds
Run  4: g_best=     118.0 | time=    146.02 seconds
Run  5: g_best=     118.0 | time=    150.67 seconds
Run  6: g_best=     118.0 | time=    154.51 seconds
Run  7: g_best=     118.0 | time=    153.07 seconds
Run  8: g_best=     119.0 | time=    141.63 seconds
Run  9: g_best=     118.0 | time=    164.25 seconds
Run 10: g_best=     118.0 | time=    144.30 seconds

================================================================================
